Archive member included because of file (symbol)

c:/nxp/lpcxpresso_6.1.4_194/lpcxpresso/tools/bin/../lib/gcc/arm-none-eabi/4.6.2/../../../../arm-none-eabi/lib/armv7-m\libcr_semihost.a(_cr__main.o)
                              ./Inicializacion_Kit/cr_startup_lpc176x.o (__main)
c:/nxp/lpcxpresso_6.1.4_194/lpcxpresso/tools/bin/../lib/gcc/arm-none-eabi/4.6.2/../../../../arm-none-eabi/lib/armv7-m\libcr_c.a(memset.o)
                              ./Aplicacion/AppFunctions.o (memset)
c:/nxp/lpcxpresso_6.1.4_194/lpcxpresso/tools/bin/../lib/gcc/arm-none-eabi/4.6.2/../../../../arm-none-eabi/lib/armv7-m\libcr_c.a(alloc.o)
                              ./Aplicacion/AppFunctions.o (malloc)
c:/nxp/lpcxpresso_6.1.4_194/lpcxpresso/tools/bin/../lib/gcc/arm-none-eabi/4.6.2/../../../../arm-none-eabi/lib/armv7-m\libcr_c.a(fpprintf.o)
                              ./Aplicacion/AppFunctions.o (sprintf)
c:/nxp/lpcxpresso_6.1.4_194/lpcxpresso/tools/bin/../lib/gcc/arm-none-eabi/4.6.2/../../../../arm-none-eabi/lib/armv7-m\libcr_c.a(initio.o)
                              c:/nxp/lpcxpresso_6.1.4_194/lpcxpresso/tools/bin/../lib/gcc/arm-none-eabi/4.6.2/../../../../arm-none-eabi/lib/armv7-m\libcr_semihost.a(_cr__main.o) (_initio)
c:/nxp/lpcxpresso_6.1.4_194/lpcxpresso/tools/bin/../lib/gcc/arm-none-eabi/4.6.2/../../../../arm-none-eabi/lib/armv7-m\libcr_c.a(printf.o)
                              c:/nxp/lpcxpresso_6.1.4_194/lpcxpresso/tools/bin/../lib/gcc/arm-none-eabi/4.6.2/../../../../arm-none-eabi/lib/armv7-m\libcr_c.a(fpprintf.o) (__vfprintf)
c:/nxp/lpcxpresso_6.1.4_194/lpcxpresso/tools/bin/../lib/gcc/arm-none-eabi/4.6.2/../../../../arm-none-eabi/lib/armv7-m\libcr_c.a(scanf.o)
                              ./Aplicacion/AppFunctions.o (atoi)
c:/nxp/lpcxpresso_6.1.4_194/lpcxpresso/tools/bin/../lib/gcc/arm-none-eabi/4.6.2/../../../../arm-none-eabi/lib/armv7-m\libcr_c.a(setvbuf.o)
                              c:/nxp/lpcxpresso_6.1.4_194/lpcxpresso/tools/bin/../lib/gcc/arm-none-eabi/4.6.2/../../../../arm-none-eabi/lib/armv7-m\libcr_c.a(initio.o) (setvbuf)
c:/nxp/lpcxpresso_6.1.4_194/lpcxpresso/tools/bin/../lib/gcc/arm-none-eabi/4.6.2/../../../../arm-none-eabi/lib/armv7-m\libcr_c.a(stdio.o)
                              c:/nxp/lpcxpresso_6.1.4_194/lpcxpresso/tools/bin/../lib/gcc/arm-none-eabi/4.6.2/../../../../arm-none-eabi/lib/armv7-m\libcr_c.a(fpprintf.o) (__Ciob)
c:/nxp/lpcxpresso_6.1.4_194/lpcxpresso/tools/bin/../lib/gcc/arm-none-eabi/4.6.2/../../../../arm-none-eabi/lib/armv7-m\libcr_c.a(strcat.o)
                              ./Aplicacion/AppFunctions.o (strcat)
c:/nxp/lpcxpresso_6.1.4_194/lpcxpresso/tools/bin/../lib/gcc/arm-none-eabi/4.6.2/../../../../arm-none-eabi/lib/armv7-m\libcr_c.a(strcmp.o)
                              ./Aplicacion/AppFunctions.o (strcmp)
c:/nxp/lpcxpresso_6.1.4_194/lpcxpresso/tools/bin/../lib/gcc/arm-none-eabi/4.6.2/../../../../arm-none-eabi/lib/armv7-m\libcr_c.a(strcpy.o)
                              ./Aplicacion/AppFunctions.o (strcpy)
c:/nxp/lpcxpresso_6.1.4_194/lpcxpresso/tools/bin/../lib/gcc/arm-none-eabi/4.6.2/../../../../arm-none-eabi/lib/armv7-m\libcr_c.a(strlen.o)
                              ./Primitivas/PR_LCD.o (strlen)
c:/nxp/lpcxpresso_6.1.4_194/lpcxpresso/tools/bin/../lib/gcc/arm-none-eabi/4.6.2/../../../../arm-none-eabi/lib/armv7-m\libcr_c.a(strstr.o)
                              ./Aplicacion/AppFunctions.o (strstr)
c:/nxp/lpcxpresso_6.1.4_194/lpcxpresso/tools/bin/../lib/gcc/arm-none-eabi/4.6.2/../../../../arm-none-eabi/lib/armv7-m\libcr_c.a(ungetc.o)
                              c:/nxp/lpcxpresso_6.1.4_194/lpcxpresso/tools/bin/../lib/gcc/arm-none-eabi/4.6.2/../../../../arm-none-eabi/lib/armv7-m\libcr_c.a(scanf.o) (ungetc)
c:/nxp/lpcxpresso_6.1.4_194/lpcxpresso/tools/bin/../lib/gcc/arm-none-eabi/4.6.2/../../../../arm-none-eabi/lib/armv7-m\libcr_c.a(memcpy.o)
                              c:/nxp/lpcxpresso_6.1.4_194/lpcxpresso/tools/bin/../lib/gcc/arm-none-eabi/4.6.2/../../../../arm-none-eabi/lib/armv7-m\libcr_c.a(alloc.o) (memcpy)
c:/nxp/lpcxpresso_6.1.4_194/lpcxpresso/tools/bin/../lib/gcc/arm-none-eabi/4.6.2/../../../../arm-none-eabi/lib/armv7-m\libcr_c.a(__fillbuf.o)
                              c:/nxp/lpcxpresso_6.1.4_194/lpcxpresso/tools/bin/../lib/gcc/arm-none-eabi/4.6.2/../../../../arm-none-eabi/lib/armv7-m\libcr_c.a(scanf.o) (__filbuf)
c:/nxp/lpcxpresso_6.1.4_194/lpcxpresso/tools/bin/../lib/gcc/arm-none-eabi/4.6.2/../../../../arm-none-eabi/lib/armv7-m\libcr_c.a(__init_alloc.o)
                              c:/nxp/lpcxpresso_6.1.4_194/lpcxpresso/tools/bin/../lib/gcc/arm-none-eabi/4.6.2/../../../../arm-none-eabi/lib/armv7-m\libcr_c.a(alloc.o) (__heaps)
c:/nxp/lpcxpresso_6.1.4_194/lpcxpresso/tools/bin/../lib/gcc/arm-none-eabi/4.6.2/../../../../arm-none-eabi/lib/armv7-m\libcr_c.a(_deferredlazyseek.o)
[...]
Memory Configuration

Name             Origin             Length             Attributes
MFlash512        0x00000000         0x00080000         xr
RamLoc32         0x10000000         0x00008000         xrw
RamAHB32         0x2007c000         0x00008000         xrw
*default*        0x00000000         0xffffffff

Linker script and memory map

LOAD ./Primitivas/PR_Display7Seg.o
LOAD ./Primitivas/PR_LCD.o
LOAD ./Primitivas/PR_Teclado.o
LOAD ./Primitivas/PR_UART1_RS232.o
LOAD ./Inicializacion_Kit/KitInic.o
LOAD ./Inicializacion_Kit/KitInic_Expansiones.o
LOAD ./Inicializacion_Kit/UtilesInfo2.o
LOAD ./Inicializacion_Kit/cr_startup_lpc176x.o
LOAD ./Drivers/SD/SD-MMC Drivers/src/sd_mmc.o
LOAD ./Drivers/SD/LPC1769_DRIVERS/src/lpc17xx_clkpwr.o
LOAD ./Drivers/SD/LPC1769_DRIVERS/src/lpc17xx_gpio.o
LOAD ./Drivers/SD/LPC1769_DRIVERS/src/lpc17xx_libcfg_default.o
LOAD ./Drivers/SD/LPC1769_DRIVERS/src/lpc17xx_pinsel.o
LOAD ./Drivers/SD/LPC1769_DRIVERS/src/lpc17xx_rtc.o
LOAD ./Drivers/SD/LPC1769_DRIVERS/src/lpc17xx_ssp.o
LOAD ./Drivers/SD/LPC1769_DRIVERS/src/lpc17xx_systick.o
LOAD ./Drivers/SD/LPC1769_DRIVERS/src/lpc17xx_timer.o
LOAD ./Drivers/SD/FatFs library/option/ccsbcs.o
LOAD ./Drivers/SD/FatFs library/hardware/diskio.o
LOAD ./Drivers/SD/FatFs library/ff.o
LOAD ./Drivers/FW_DAC.o
LOAD ./Drivers/FW_DMA.o
LOAD ./Drivers/FW_Display7Seg.o
LOAD ./Drivers/FW_LCD.o
LOAD ./Drivers/FW_Teclado.o
LOAD ./Drivers/FW_Timer1.o
LOAD ./Drivers/FW_Timertick.o
LOAD ./Drivers/FW_UART1_RS232.o
LOAD ./Aplicacion/AppFunctions.o
LOAD ./Aplicacion/main.o
START GROUP
LOAD c:/nxp/lpcxpresso_6.1.4_194/lpcxpresso/tools/bin/../lib/gcc/arm-none-eabi/4.6.2/../../../../arm-none-eabi/lib/armv7-m\libcr_semihost.a
LOAD c:/nxp/lpcxpresso_6.1.4_194/lpcxpresso/tools/bin/../lib/gcc/arm-none-eabi/4.6.2/../../../../arm-none-eabi/lib/armv7-m\libcr_c.a
LOAD c:/nxp/lpcxpresso_6.1.4_194/lpcxpresso/tools/bin/../lib/gcc/arm-none-eabi/4.6.2/armv7-m\libcr_eabihelpers.a
END GROUP
                0x00080000                __top_MFlash512 = 0x80000
                0x10008000                __top_RamLoc32 = 0x10008000
                0x20084000                __top_RamAHB32 = 0x20084000

.text           0x00000000     0xba38
 FILL mask 0xff
                0x00000000                __vectors_start__ = ABSOLUTE (.)
 *(.isr_vector)
 .isr_vector    0x00000000       0xcc ./Inicializacion_Kit/cr_startup_lpc176x.o
                0x00000000                g_pfnVectors
                0x000000cc                . = ALIGN (0x4)
                0x000000cc                __section_table_start = .
                0x000000cc                __data_section_table = .
                0x000000cc        0x4 LONG 0xba38 LOADADDR (.data)
                0x000000d0        0x4 LONG 0x10000000 ADDR (.data)
                0x000000d4        0x4 LONG 0xc SIZEOF (.data)
                0x000000d8        0x4 LONG 0xba38 LOADADDR (.data_RAM2)
                0x000000dc        0x4 LONG 0x2007c000 ADDR (.data_RAM2)
                0x000000e0        0x4 LONG 0x0 SIZEOF (.data_RAM2)
                0x000000e4                __data_section_table_end = .
                0x000000e4                __bss_section_table = .
                0x000000e4        0x4 LONG 0x1000000c ADDR (.bss)
                0x000000e8        0x4 LONG 0x4610 SIZEOF (.bss)
                0x000000ec        0x4 LONG 0x2007c000 ADDR (.bss_RAM2)
                0x000000f0        0x4 LONG 0x0 SIZEOF (.bss_RAM2)
                0x000000f4                __bss_section_table_end = .
                0x000000f4                __section_table_end = .
 *(.after_vectors*)
 .after_vectors
                0x000000f4      0x170 ./Inicializacion_Kit/cr_startup_lpc176x.o
                0x000000f4                data_init
                0x00000144                bss_init
                0x00000184                ResetISR
                0x00000214                NMI_Handler
                0x0000021c                HardFault_Handler
                0x00000224                MemManage_Handler
                0x0000022c                BusFault_Handler
                0x00000234                UsageFault_Handler
                0x0000023c                SVC_Handler
                0x00000244                DebugMon_Handler
                0x0000024c                PendSV_Handler
                0x0000025c                EINT3_IRQHandler
                0x0000025c                CANActivity_IRQHandler
                0x0000025c                TIMER3_IRQHandler
                0x0000025c                UART0_IRQHandler
                0x0000025c                USBActivity_IRQHandler
                0x0000025c                EINT2_IRQHandler
                0x0000025c                IntDefaultHandler
                0x0000025c                PLL0_IRQHandler
                0x0000025c                CAN_IRQHandler
                0x0000025c                I2C0_IRQHandler
                0x0000025c                SSP0_IRQHandler
                0x0000025c                I2C1_IRQHandler
                0x0000025c                I2C2_IRQHandler
                0x0000025c                RTC_IRQHandler
                0x0000025c                TIMER0_IRQHandler
                0x0000025c                SPI_IRQHandler
                0x0000025c                RIT_IRQHandler
                0x0000025c                EINT1_IRQHandler
                0x0000025c                UART2_IRQHandler
                0x0000025c                ADC_IRQHandler
                0x0000025c                SSP1_IRQHandler
                0x0000025c                USB_IRQHandler
                0x0000025c                BOD_IRQHandler
                0x0000025c                PWM1_IRQHandler
                0x0000025c                WDT_IRQHandler
                0x0000025c                I2S_IRQHandler
                0x0000025c                QEI_IRQHandler
                0x0000025c                EINT0_IRQHandler
                0x0000025c                PLL1_IRQHandler
                0x0000025c                TIMER2_IRQHandler
                0x0000025c                UART3_IRQHandler
                0x0000025c                MCPWM_IRQHandler
                0x0000025c                ENET_IRQHandler
 *(.text*)
 .text.Display  0x00000264       0xb0 ./Primitivas/PR_Display7Seg.o
                0x00000264                Display
 .text.DisplayTime
                0x00000314       0x60 ./Primitivas/PR_Display7Seg.o
                0x00000314                DisplayTime
 .text.DisplayLCD
                0x00000374      0x110 ./Primitivas/PR_LCD.o
                0x00000374                DisplayLCD
 .text.LimpiarLCD
                0x00000484       0x4c ./Primitivas/PR_LCD.o
                0x00000484                LimpiarLCD
 .text.RecorrerLCD
                0x000004d0      0x14c ./Primitivas/PR_LCD.o
                0x000004d0                RecorrerLCD
 .text.GetLineMaxLenght
                0x0000061c       0x30 ./Primitivas/PR_LCD.o
                0x0000061c                GetLineMaxLenght
 .text.GetKey   0x0000064c       0x70 ./Primitivas/PR_Teclado.o
                0x0000064c                GetKey
 .text.PushTx   0x000006bc       0xd0 ./Primitivas/PR_UART1_RS232.o
                0x000006bc                PushTx
 .text.PopTx    0x0000078c       0xac ./Primitivas/PR_UART1_RS232.o
                0x0000078c                PopTx
 .text.PushRx   0x00000838       0xa8 ./Primitivas/PR_UART1_RS232.o
                0x00000838                PushRx
 .text.PopRx    0x000008e0       0xac ./Primitivas/PR_UART1_RS232.o
                0x000008e0                PopRx
 .text.EnviarString
                0x0000098c       0x3c ./Primitivas/PR_UART1_RS232.o
                0x0000098c                EnviarString
 .text.InicializarKit
                0x000009c8       0x2c ./Inicializacion_Kit/KitInic.o
                0x000009c8                InicializarKit
 .text.InitPLL  0x000009f4      0x1f0 ./Inicializacion_Kit/KitInic.o
                0x000009f4                InitPLL
 .text.InitGPIOs
                0x00000be4      0x374 ./Inicializacion_Kit/KitInic.o
                0x00000be4                InitGPIOs
 .text.InitEXP  0x00000f58       0x10 ./Inicializacion_Kit/KitInic_Expansiones.o
                0x00000f58                InitEXP
 .text.InitDisplay
                0x00000f68      0x104 ./Inicializacion_Kit/KitInic_Expansiones.o
                0x00000f68                InitDisplay
 .text.InitTeclado
                0x0000106c       0xe0 ./Inicializacion_Kit/KitInic_Expansiones.o
                0x0000106c                InitTeclado
 .text.SetPINSEL
                0x0000114c      0x37c ./Inicializacion_Kit/UtilesInfo2.o
                0x0000114c                SetPINSEL
 .text.SetDIR   0x000014c8       0x54 ./Inicializacion_Kit/UtilesInfo2.o
                0x000014c8                SetDIR
 .text.SetPIN   0x0000151c       0x5c ./Inicializacion_Kit/UtilesInfo2.o
                0x0000151c                SetPIN
 .text.GetPIN   0x00001578       0x30 ./Inicializacion_Kit/UtilesInfo2.o
                0x00001578                GetPIN
 .text.SSPSend  0x000015a8       0x38 ./Drivers/SD/SD-MMC Drivers/src/sd_mmc.o
 .text.SSPReceive
                0x000015e0       0x38 ./Drivers/SD/SD-MMC Drivers/src/sd_mmc.o
                0x000015e0                SSPReceive
 .text.xmit_spi
                0x00001618       0x20 ./Drivers/SD/SD-MMC Drivers/src/sd_mmc.o
 .text.rcvr_spi
                0x00001638       0x28 ./Drivers/SD/SD-MMC Drivers/src/sd_mmc.o
 .text.wait_ready
                0x00001660       0x44 ./Drivers/SD/SD-MMC Drivers/src/sd_mmc.o
 .text.deselect
                0x000016a4       0x18 ./Drivers/SD/SD-MMC Drivers/src/sd_mmc.o
 .text.select   0x000016bc       0x2c ./Drivers/SD/SD-MMC Drivers/src/sd_mmc.o
 .text.power_on
                0x000016e8       0xd8 ./Drivers/SD/SD-MMC Drivers/src/sd_mmc.o
 .text.power_off
                0x000017c0       0x24 ./Drivers/SD/SD-MMC Drivers/src/sd_mmc.o
 .text.chk_power
                0x000017e4       0x10 ./Drivers/SD/SD-MMC Drivers/src/sd_mmc.o
 .text.rcvr_datablock
                0x000017f4       0xb8 ./Drivers/SD/SD-MMC Drivers/src/sd_mmc.o
 .text.xmit_datablock
                0x000018ac       0x98 ./Drivers/SD/SD-MMC Drivers/src/sd_mmc.o
 .text.send_cmd
                0x00001944       0xe8 ./Drivers/SD/SD-MMC Drivers/src/sd_mmc.o
 .text.SDMMC_disk_initialize
                0x00001a2c      0x244 ./Drivers/SD/SD-MMC Drivers/src/sd_mmc.o
                0x00001a2c                SDMMC_disk_initialize
 .text.SDMMC_disk_status
                0x00001c70       0x24 ./Drivers/SD/SD-MMC Drivers/src/sd_mmc.o
                0x00001c70                SDMMC_disk_status
 .text.SDMMC_disk_read
                0x00001c94       0xe8 ./Drivers/SD/SD-MMC Drivers/src/sd_mmc.o
                0x00001c94                SDMMC_disk_read
 .text.SDMMC_disk_write
                0x00001d7c      0x12c ./Drivers/SD/SD-MMC Drivers/src/sd_mmc.o
                0x00001d7c                SDMMC_disk_write
 .text.SDMMC_disk_ioctl
                0x00001ea8      0x438 ./Drivers/SD/SD-MMC Drivers/src/sd_mmc.o
                0x00001ea8                SDMMC_disk_ioctl
 .text.CLKPWR_ConfigPPWR
                0x000022e0       0x78 ./Drivers/SD/LPC1769_DRIVERS/src/lpc17xx_clkpwr.o
                0x000022e0                CLKPWR_ConfigPPWR
 .text.GPIO_GetPointer
                0x00002358       0x7c ./Drivers/SD/LPC1769_DRIVERS/src/lpc17xx_gpio.o
 .text.GPIO_SetDir
                0x000023d4       0x54 ./Drivers/SD/LPC1769_DRIVERS/src/lpc17xx_gpio.o
                0x000023d4                GPIO_SetDir
 .text.GPIO_SetValue
                0x00002428       0x2c ./Drivers/SD/LPC1769_DRIVERS/src/lpc17xx_gpio.o
                0x00002428                GPIO_SetValue
 .text.GPIO_ClearValue
                0x00002454       0x2c ./Drivers/SD/LPC1769_DRIVERS/src/lpc17xx_gpio.o
                0x00002454                GPIO_ClearValue
 .text.check_failed
                0x00002480        0xc ./Drivers/SD/LPC1769_DRIVERS/src/lpc17xx_libcfg_default.o
                0x00002480                check_failed
 .text.set_PinFunc
                0x0000248c       0x9c ./Drivers/SD/LPC1769_DRIVERS/src/lpc17xx_pinsel.o
 .text.set_ResistorMode
                0x00002528       0x9c ./Drivers/SD/LPC1769_DRIVERS/src/lpc17xx_pinsel.o
 .text.set_OpenDrainMode
                0x000025c4       0x7c ./Drivers/SD/LPC1769_DRIVERS/src/lpc17xx_pinsel.o
 .text.PINSEL_ConfigPin
                0x00002640       0x54 ./Drivers/SD/LPC1769_DRIVERS/src/lpc17xx_pinsel.o
                0x00002640                PINSEL_ConfigPin
 .text.RTC_GetFullTime
                0x00002694       0xb4 ./Drivers/SD/LPC1769_DRIVERS/src/lpc17xx_rtc.o
                0x00002694                RTC_GetFullTime
 .text.SSP_getNum
                0x00002748       0x40 ./Drivers/SD/LPC1769_DRIVERS/src/lpc17xx_ssp.o
 .text.SSP_IntHandler
                0x00002788      0x338 ./Drivers/SD/LPC1769_DRIVERS/src/lpc17xx_ssp.o
                0x00002788                SSP_IntHandler
 .text.SSP_DeInit
                0x00002ac0       0x74 ./Drivers/SD/LPC1769_DRIVERS/src/lpc17xx_ssp.o
                0x00002ac0                SSP_DeInit
 .text.SSP_ConfigStructInit
                0x00002b34       0x48 ./Drivers/SD/LPC1769_DRIVERS/src/lpc17xx_ssp.o
                0x00002b34                SSP_ConfigStructInit
 .text.SSP_Cmd  0x00002b7c       0x7c ./Drivers/SD/LPC1769_DRIVERS/src/lpc17xx_ssp.o
                0x00002b7c                SSP_Cmd
 .text.SSP_SendData
                0x00002bf8       0x48 ./Drivers/SD/LPC1769_DRIVERS/src/lpc17xx_ssp.o
                0x00002bf8                SSP_SendData
 .text.SSP_ReceiveData
                0x00002c40       0x44 ./Drivers/SD/LPC1769_DRIVERS/src/lpc17xx_ssp.o
                0x00002c40                SSP_ReceiveData
 .text.SSP_ReadWrite
                0x00002c84      0x440 ./Drivers/SD/LPC1769_DRIVERS/src/lpc17xx_ssp.o
                0x00002c84                SSP_ReadWrite
 .text.ff_convert
                0x000030c4       0x88 ./Drivers/SD/FatFs library/option/ccsbcs.o
                0x000030c4                ff_convert
 .text.ff_wtoupper
                0x0000314c       0x70 ./Drivers/SD/FatFs library/option/ccsbcs.o
                0x0000314c                ff_wtoupper
 .text.disk_initialize
                0x000031bc       0x4c ./Drivers/SD/FatFs library/hardware/diskio.o
                0x000031bc                disk_initialize
 .text.disk_status
                0x00003208       0x4c ./Drivers/SD/FatFs library/hardware/diskio.o
                0x00003208                disk_status
 .text.disk_read
                0x00003254       0x58 ./Drivers/SD/FatFs library/hardware/diskio.o
                0x00003254                disk_read
 .text.disk_write
                0x000032ac       0x58 ./Drivers/SD/FatFs library/hardware/diskio.o
                0x000032ac                disk_write
 .text.disk_ioctl
                0x00003304       0x58 ./Drivers/SD/FatFs library/hardware/diskio.o
                0x00003304                disk_ioctl
 .text.get_fattime
                0x0000335c       0x58 ./Drivers/SD/FatFs library/hardware/diskio.o
                0x0000335c                get_fattime
 .text.mem_cpy  0x000033b4       0x50 ./Drivers/SD/FatFs library/ff.o
 .text.mem_set  0x00003404       0x44 ./Drivers/SD/FatFs library/ff.o
 .text.mem_cmp  0x00003448       0x70 ./Drivers/SD/FatFs library/ff.o
 .text.chk_chr  0x000034b8       0x38 ./Drivers/SD/FatFs library/ff.o
 .text.move_window
                0x000034f0       0xd4 ./Drivers/SD/FatFs library/ff.o
 .text.sync     0x000035c4      0x180 ./Drivers/SD/FatFs library/ff.o
 .text.clust2sect
                0x00003744       0x44 ./Drivers/SD/FatFs library/ff.o
                0x00003744                clust2sect
 .text.get_fat  0x00003788      0x1a0 ./Drivers/SD/FatFs library/ff.o
                0x00003788                get_fat
 .text.put_fat  0x00003928      0x25c ./Drivers/SD/FatFs library/ff.o
                0x00003928                put_fat
 .text.remove_chain
                0x00003b84       0xb0 ./Drivers/SD/FatFs library/ff.o
 .text.create_chain
                0x00003c34      0x130 ./Drivers/SD/FatFs library/ff.o
 .text.dir_sdi  0x00003d64      0x118 ./Drivers/SD/FatFs library/ff.o
 .text.dir_next
                0x00003e7c      0x1e0 ./Drivers/SD/FatFs library/ff.o
 .text.cmp_lfn  0x0000405c      0x100 ./Drivers/SD/FatFs library/ff.o
 .text.pick_lfn
                0x0000415c       0xf0 ./Drivers/SD/FatFs library/ff.o
 .text.fit_lfn  0x0000424c      0x110 ./Drivers/SD/FatFs library/ff.o
 .text.gen_numname
                0x0000435c      0x108 ./Drivers/SD/FatFs library/ff.o
                0x0000435c                gen_numname
 .text.sum_sfn  0x00004464       0x50 ./Drivers/SD/FatFs library/ff.o
 .text.dir_find
                0x000044b4      0x170 ./Drivers/SD/FatFs library/ff.o
 .text.dir_read
                0x00004624      0x148 ./Drivers/SD/FatFs library/ff.o
 .text.dir_register
                0x0000476c      0x2b0 ./Drivers/SD/FatFs library/ff.o
 .text.create_name
                0x00004a1c      0x3c4 ./Drivers/SD/FatFs library/ff.o
 .text.get_fileinfo
                0x00004de0      0x234 ./Drivers/SD/FatFs library/ff.o
 .text.follow_path
                0x00005014      0x114 ./Drivers/SD/FatFs library/ff.o
 .text.check_fs
                0x00005128       0xe8 ./Drivers/SD/FatFs library/ff.o
 .text.chk_mounted
                0x00005210      0x600 ./Drivers/SD/FatFs library/ff.o
 .text.validate
                0x00005810       0x54 ./Drivers/SD/FatFs library/ff.o
 .text.f_mount  0x00005864       0x64 ./Drivers/SD/FatFs library/ff.o
                0x00005864                f_mount
 .text.f_open   0x000058c8      0x35c ./Drivers/SD/FatFs library/ff.o
                0x000058c8                f_open
 .text.f_read   0x00005c24      0x290 ./Drivers/SD/FatFs library/ff.o
                0x00005c24                f_read
 .text.f_sync   0x00005eb4      0x17c ./Drivers/SD/FatFs library/ff.o
                0x00005eb4                f_sync
 .text.f_close  0x00006030       0x2c ./Drivers/SD/FatFs library/ff.o
                0x00006030                f_close
 .text.f_lseek  0x0000605c      0x264 ./Drivers/SD/FatFs library/ff.o
                0x0000605c                f_lseek
 .text.f_opendir
                0x000062c0       0xf0 ./Drivers/SD/FatFs library/ff.o
                0x000062c0                f_opendir
 .text.f_readdir
                0x000063b0       0xa8 ./Drivers/SD/FatFs library/ff.o
                0x000063b0                f_readdir
 .text.InitDAC  0x00006458       0x58 ./Drivers/FW_DAC.o
                0x00006458                InitDAC
 .text.InitDMA  0x000064b0       0x64 ./Drivers/FW_DMA.o
                0x000064b0                InitDMA
 .text.DMAChannelInit
                0x00006514       0x94 ./Drivers/FW_DMA.o
                0x00006514                DMAChannelInit
 .text.StopDMA  0x000065a8       0x44 ./Drivers/FW_DMA.o
                0x000065a8                StopDMA
 .text.DMA_IRQHandler
                0x000065ec       0x28 ./Drivers/FW_DMA.o
                0x000065ec                DMA_IRQHandler
 .text.BarridoDisplay
                0x00006614      0x198 ./Drivers/FW_Display7Seg.o
                0x00006614                BarridoDisplay
 .text.LCDInit  0x000067ac      0x1e8 ./Drivers/FW_LCD.o
                0x000067ac                LCDInit
 .text.PushLCD  0x00006994      0x14c ./Drivers/FW_LCD.o
                0x00006994                PushLCD
 .text.RefreshLCD
                0x00006ae0      0x100 ./Drivers/FW_LCD.o
                0x00006ae0                RefreshLCD
 .text.PopLCD   0x00006be0       0xa0 ./Drivers/FW_LCD.o
                0x00006be0                PopLCD
 .text.CheckBounce
                0x00006c80       0xf4 ./Drivers/FW_Teclado.o
 .text.EXP3GetKeyHw
                0x00006d74      0x170 ./Drivers/FW_Teclado.o
 .text.BarridoTeclas
                0x00006ee4       0x20 ./Drivers/FW_Teclado.o
                0x00006ee4                BarridoTeclas
 .text.InitTimer1
                0x00006f04       0x9c ./Drivers/FW_Timer1.o
                0x00006f04                InitTimer1
 .text.StartTimer1
                0x00006fa0       0x28 ./Drivers/FW_Timer1.o
                0x00006fa0                StartTimer1
 .text.StopTimer1
                0x00006fc8       0x1c ./Drivers/FW_Timer1.o
                0x00006fc8                StopTimer1
 .text.TIMER1_IRQHandler
                0x00006fe4       0x6c ./Drivers/FW_Timer1.o
                0x00006fe4                TIMER1_IRQHandler
 .text.InitSystick
                0x00007050       0x4c ./Drivers/FW_Timertick.o
                0x00007050                InitSystick
 .text.SysTick_Handler
                0x0000709c      0x12c ./Drivers/FW_Timertick.o
                0x0000709c                SysTick_Handler
 .text.InitUART1
                0x000071c8       0xb4 ./Drivers/FW_UART1_RS232.o
                0x000071c8                InitUART1
 .text.UART1_IRQHandler
                0x0000727c       0x84 ./Drivers/FW_UART1_RS232.o
                0x0000727c                UART1_IRQHandler
 .text.MaqEstadoDMA
                0x00007300      0x1bc ./Aplicacion/AppFunctions.o
                0x00007300                MaqEstadoDMA
 .text.SDtoBuffer
                0x000074bc      0x15c ./Aplicacion/AppFunctions.o
                0x000074bc                SDtoBuffer
 .text.GetSongNumber
                0x00007618       0x20 ./Aplicacion/AppFunctions.o
                0x00007618                GetSongNumber
 .text.InitApp  0x00007638       0x28 ./Aplicacion/AppFunctions.o
                0x00007638                InitApp
 .text.InitSDSongList
                0x00007660      0x114 ./Aplicacion/AppFunctions.o
                0x00007660                InitSDSongList
 .text.GetFileQuantity
                0x00007774       0xa0 ./Aplicacion/AppFunctions.o
                0x00007774                GetFileQuantity
 .text.GetSongInfo
                0x00007814       0xb0 ./Aplicacion/AppFunctions.o
                0x00007814                GetSongInfo
 .text.LoadSDInfo
                0x000078c4      0x368 ./Aplicacion/AppFunctions.o
                0x000078c4                LoadSDInfo
 .text.UARTRx   0x00007c2c       0xf4 ./Aplicacion/AppFunctions.o
                0x00007c2c                UARTRx
 .text.CheckCommand
                0x00007d20      0x248 ./Aplicacion/AppFunctions.o
                0x00007d20                CheckCommand
 .text.RutinaSDList
                0x00007f68      0x15c ./Aplicacion/AppFunctions.o
                0x00007f68                RutinaSDList
 .text.DisplayLCDCurrSong
                0x000080c4       0x74 ./Aplicacion/AppFunctions.o
                0x000080c4                DisplayLCDCurrSong
 .text.AbrirCancion
                0x00008138       0x74 ./Aplicacion/AppFunctions.o
                0x00008138                AbrirCancion
 .text.CerrarCancion
                0x000081ac       0x18 ./Aplicacion/AppFunctions.o
                0x000081ac                CerrarCancion
 .text.PlaySong
                0x000081c4       0x80 ./Aplicacion/AppFunctions.o
                0x000081c4                PlaySong
 .text.StopSong
                0x00008244       0x6c ./Aplicacion/AppFunctions.o
                0x00008244                StopSong
 .text.PauseSong
                0x000082b0       0x5c ./Aplicacion/AppFunctions.o
                0x000082b0                PauseSong
 .text.ResumeSong
                0x0000830c       0x44 ./Aplicacion/AppFunctions.o
                0x0000830c                ResumeSong
 .text.PlayPrevSong
                0x00008350       0x40 ./Aplicacion/AppFunctions.o
                0x00008350                PlayPrevSong
 .text.PlayNextSong
                0x00008390       0x64 ./Aplicacion/AppFunctions.o
                0x00008390                PlayNextSong
 .text.FuncKey  0x000083f4      0x188 ./Aplicacion/AppFunctions.o
                0x000083f4                FuncKey
 .text.CheckPcConnection
                0x0000857c       0x6c ./Aplicacion/AppFunctions.o
                0x0000857c                CheckPcConnection
 .text.PitidoBuzzer
                0x000085e8       0x54 ./Aplicacion/AppFunctions.o
                0x000085e8                PitidoBuzzer
 .text.CheckSD  0x0000863c       0x90 ./Aplicacion/AppFunctions.o
                0x0000863c                CheckSD
 .text.CheckEndOfSong
                0x000086cc       0x40 ./Aplicacion/AppFunctions.o
                0x000086cc                CheckEndOfSong
 .text.main     0x0000870c       0x4c ./Aplicacion/main.o
                0x0000870c                main
 .text.__main   0x00008758       0x14 c:/nxp/lpcxpresso_6.1.4_194/lpcxpresso/tools/bin/../lib/gcc/arm-none-eabi/4.6.2/../../../../arm-none-eabi/lib/armv7-m\libcr_semihost.a(_cr__main.o)
                0x00008758                __CR_SEMIHOST
                0x00008758                __main
 .text.memset   0x0000876c        0x4 c:/nxp/lpcxpresso_6.1.4_194/lpcxpresso/tools/bin/../lib/gcc/arm-none-eabi/4.6.2/../../../../arm-none-eabi/lib/armv7-m\libcr_c.a(memset.o)
                0x0000876c                memset
 .text.malloc   0x00008770       0xbc c:/nxp/lpcxpresso_6.1.4_194/lpcxpresso/tools/bin/../lib/gcc/arm-none-eabi/4.6.2/../../../../arm-none-eabi/lib/armv7-m\libcr_c.a(alloc.o)
                0x00008770                malloc
 .text.free     0x0000882c        0xc c:/nxp/lpcxpresso_6.1.4_194/lpcxpresso/tools/bin/../lib/gcc/arm-none-eabi/4.6.2/../../../../arm-none-eabi/lib/armv7-m\libcr_c.a(alloc.o)
                0x0000882c                free
 .text._Csys_alloc
                0x00008838       0x20 c:/nxp/lpcxpresso_6.1.4_194/lpcxpresso/tools/bin/../lib/gcc/arm-none-eabi/4.6.2/../../../../arm-none-eabi/lib/armv7-m\libcr_c.a(alloc.o)
                0x00008838                _Csys_alloc
 .text.lose_trailing_zeros
                0x00008858       0x1e c:/nxp/lpcxpresso_6.1.4_194/lpcxpresso/tools/bin/../lib/gcc/arm-none-eabi/4.6.2/../../../../arm-none-eabi/lib/armv7-m\libcr_c.a(fpprintf.o)
 .text.fp_round
                0x00008876       0x54 c:/nxp/lpcxpresso_6.1.4_194/lpcxpresso/tools/bin/../lib/gcc/arm-none-eabi/4.6.2/../../../../arm-none-eabi/lib/armv7-m\libcr_c.a(fpprintf.o)
 .text.pr_dec.constprop.1
                0x000088ca       0x22 c:/nxp/lpcxpresso_6.1.4_194/lpcxpresso/tools/bin/../lib/gcc/arm-none-eabi/4.6.2/../../../../arm-none-eabi/lib/armv7-m\libcr_c.a(fpprintf.o)
 .text.sprintf  0x000088ec       0x70 c:/nxp/lpcxpresso_6.1.4_194/lpcxpresso/tools/bin/../lib/gcc/arm-none-eabi/4.6.2/../../../../arm-none-eabi/lib/armv7-m\libcr_c.a(fpprintf.o)
                0x000088ec                sprintf
 *fill*         0x0000895c        0x4 00
 .text.fp_display
                0x00008960      0x908 c:/nxp/lpcxpresso_6.1.4_194/lpcxpresso/tools/bin/../lib/gcc/arm-none-eabi/4.6.2/../../../../arm-none-eabi/lib/armv7-m\libcr_c.a(fpprintf.o)
 .text._initio  0x00009268       0x9c c:/nxp/lpcxpresso_6.1.4_194/lpcxpresso/tools/bin/../lib/gcc/arm-none-eabi/4.6.2/../../../../arm-none-eabi/lib/armv7-m\libcr_c.a(initio.o)
                0x00009268                _initio
 .text.__vfprintf
                0x00009304      0xd54 c:/nxp/lpcxpresso_6.1.4_194/lpcxpresso/tools/bin/../lib/gcc/arm-none-eabi/4.6.2/../../../../arm-none-eabi/lib/armv7-m\libcr_c.a(printf.o)
                0x00009304                __vfprintf
 .text.ch_val   0x0000a058       0x34 c:/nxp/lpcxpresso_6.1.4_194/lpcxpresso/tools/bin/../lib/gcc/arm-none-eabi/4.6.2/../../../../arm-none-eabi/lib/armv7-m\libcr_c.a(scanf.o)
 .text._strtoul
                0x0000a08c       0xc8 c:/nxp/lpcxpresso_6.1.4_194/lpcxpresso/tools/bin/../lib/gcc/arm-none-eabi/4.6.2/../../../../arm-none-eabi/lib/armv7-m\libcr_c.a(scanf.o)
 .text.strtol   0x0000a154       0x7c c:/nxp/lpcxpresso_6.1.4_194/lpcxpresso/tools/bin/../lib/gcc/arm-none-eabi/4.6.2/../../../../arm-none-eabi/lib/armv7-m\libcr_c.a(scanf.o)
                0x0000a154                strtol
 .text.atoi     0x0000a1d0       0x18 c:/nxp/lpcxpresso_6.1.4_194/lpcxpresso/tools/bin/../lib/gcc/arm-none-eabi/4.6.2/../../../../arm-none-eabi/lib/armv7-m\libcr_c.a(scanf.o)
                0x0000a1d0                atoi
 .text.setvbuf  0x0000a1e8       0x48 c:/nxp/lpcxpresso_6.1.4_194/lpcxpresso/tools/bin/../lib/gcc/arm-none-eabi/4.6.2/../../../../arm-none-eabi/lib/armv7-m\libcr_c.a(setvbuf.o)
                0x0000a1e8                setvbuf
 .text.strcat   0x0000a230       0x1c c:/nxp/lpcxpresso_6.1.4_194/lpcxpresso/tools/bin/../lib/gcc/arm-none-eabi/4.6.2/../../../../arm-none-eabi/lib/armv7-m\libcr_c.a(strcat.o)
                0x0000a230                strcat
 .text.strcmp   0x0000a24c       0x3c c:/nxp/lpcxpresso_6.1.4_194/lpcxpresso/tools/bin/../lib/gcc/arm-none-eabi/4.6.2/../../../../arm-none-eabi/lib/armv7-m\libcr_c.a(strcmp.o)
                0x0000a24c                strcmp
 .text.strcpy   0x0000a288       0x44 c:/nxp/lpcxpresso_6.1.4_194/lpcxpresso/tools/bin/../lib/gcc/arm-none-eabi/4.6.2/../../../../arm-none-eabi/lib/armv7-m\libcr_c.a(strcpy.o)
                0x0000a288                strcpy
 .text.strlen   0x0000a2cc       0x4c c:/nxp/lpcxpresso_6.1.4_194/lpcxpresso/tools/bin/../lib/gcc/arm-none-eabi/4.6.2/../../../../arm-none-eabi/lib/armv7-m\libcr_c.a(strlen.o)
                0x0000a2cc                strlen
 .text.strstr   0x0000a318       0x1e c:/nxp/lpcxpresso_6.1.4_194/lpcxpresso/tools/bin/../lib/gcc/arm-none-eabi/4.6.2/../../../../arm-none-eabi/lib/armv7-m\libcr_c.a(strstr.o)
                0x0000a318                strstr
 .text._deferredlazyseek
                0x0000a336       0x44 c:/nxp/lpcxpresso_6.1.4_194/lpcxpresso/tools/bin/../lib/gcc/arm-none-eabi/4.6.2/../../../../arm-none-eabi/lib/armv7-m\libcr_c.a(_deferredlazyseek.o)
                0x0000a336                _deferredlazyseek
 .text.__flsbuf
                0x0000a37a      0x14e c:/nxp/lpcxpresso_6.1.4_194/lpcxpresso/tools/bin/../lib/gcc/arm-none-eabi/4.6.2/../../../../arm-none-eabi/lib/armv7-m\libcr_c.a(_deferredlazyseek.o)
                0x0000a37a                __flsbuf
 .text._fdopen  0x0000a4c8       0x6c c:/nxp/lpcxpresso_6.1.4_194/lpcxpresso/tools/bin/../lib/gcc/arm-none-eabi/4.6.2/../../../../arm-none-eabi/lib/armv7-m\libcr_c.a(_fdopen.o)
                0x0000a4c8                _fdopen
 .text._fflush  0x0000a534       0x58 c:/nxp/lpcxpresso_6.1.4_194/lpcxpresso/tools/bin/../lib/gcc/arm-none-eabi/4.6.2/../../../../arm-none-eabi/lib/armv7-m\libcr_c.a(_fflush.o)
                0x0000a534                _fflush
 .text._frexpl  0x0000a58c       0x60 c:/nxp/lpcxpresso_6.1.4_194/lpcxpresso/tools/bin/../lib/gcc/arm-none-eabi/4.6.2/../../../../arm-none-eabi/lib/armv7-m\libcr_c.a(_frexpl.o)
                0x0000a58c                _frexpl
 .text._ldexpl  0x0000a5ec       0x50 c:/nxp/lpcxpresso_6.1.4_194/lpcxpresso/tools/bin/../lib/gcc/arm-none-eabi/4.6.2/../../../../arm-none-eabi/lib/armv7-m\libcr_c.a(_ldexpl.o)
                0x0000a5ec                _ldexpl
 .text._Cwritebuf
                0x0000a63c       0x84 c:/nxp/lpcxpresso_6.1.4_194/lpcxpresso/tools/bin/../lib/gcc/arm-none-eabi/4.6.2/../../../../arm-none-eabi/lib/armv7-m\libcr_c.a(_writebuf.o)
                0x0000a63c                _Cwritebuf
 .text.fclose   0x0000a6c0       0x6c c:/nxp/lpcxpresso_6.1.4_194/lpcxpresso/tools/bin/../lib/gcc/arm-none-eabi/4.6.2/../../../../arm-none-eabi/lib/armv7-m\libcr_c.a(fclose.o)
                0x0000a6c0                fclose
 .text.fflush   0x0000a72c       0x34 c:/nxp/lpcxpresso_6.1.4_194/lpcxpresso/tools/bin/../lib/gcc/arm-none-eabi/4.6.2/../../../../arm-none-eabi/lib/armv7-m\libcr_c.a(fflush.o)
                0x0000a72c                fflush
 .text.fseek    0x0000a760      0x104 c:/nxp/lpcxpresso_6.1.4_194/lpcxpresso/tools/bin/../lib/gcc/arm-none-eabi/4.6.2/../../../../arm-none-eabi/lib/armv7-m\libcr_c.a(fseek.o)
                0x0000a760                fseek
 .text.ftell    0x0000a864       0x4c c:/nxp/lpcxpresso_6.1.4_194/lpcxpresso/tools/bin/../lib/gcc/arm-none-eabi/4.6.2/../../../../arm-none-eabi/lib/armv7-m\libcr_c.a(ftell.o)
                0x0000a864                ftell
 .text.remove   0x0000a8b0       0x14 c:/nxp/lpcxpresso_6.1.4_194/lpcxpresso/tools/bin/../lib/gcc/arm-none-eabi/4.6.2/../../../../arm-none-eabi/lib/armv7-m\libcr_c.a(remove.o)
                0x0000a8b0                remove
 .text._do_fflush
                0x0000a8c4       0x42 c:/nxp/lpcxpresso_6.1.4_194/lpcxpresso/tools/bin/../lib/gcc/arm-none-eabi/4.6.2/../../../../arm-none-eabi/lib/armv7-m\libcr_c.a(_do_fflush.o)
                0x0000a8c4                _do_fflush
 *fill*         0x0000a906        0x2 00
 .text.__aeabi_dmul
                0x0000a908      0x138 c:/nxp/lpcxpresso_6.1.4_194/lpcxpresso/tools/bin/../lib/gcc/arm-none-eabi/4.6.2/armv7-m\libcr_eabihelpers.a(double.o)
                0x0000a908                __aeabi_dmul
 .text.__aeabi_ddiv
                0x0000aa40      0x168 c:/nxp/lpcxpresso_6.1.4_194/lpcxpresso/tools/bin/../lib/gcc/arm-none-eabi/4.6.2/armv7-m\libcr_eabihelpers.a(double.o)
                0x0000aa40                __aeabi_ddiv
 .text.__aeabi_dsub
                0x0000aba8      0x1f4 c:/nxp/lpcxpresso_6.1.4_194/lpcxpresso/tools/bin/../lib/gcc/arm-none-eabi/4.6.2/armv7-m\libcr_eabihelpers.a(double.o)
                0x0000aba8                __aeabi_dsub
 .text.__aeabi_dadd
                0x0000ad9c      0x154 c:/nxp/lpcxpresso_6.1.4_194/lpcxpresso/tools/bin/../lib/gcc/arm-none-eabi/4.6.2/armv7-m\libcr_eabihelpers.a(double.o)
                0x0000ad9c                __aeabi_dadd
 .text.__aeabi_d2iz
                0x0000aef0       0x40 c:/nxp/lpcxpresso_6.1.4_194/lpcxpresso/tools/bin/../lib/gcc/arm-none-eabi/4.6.2/armv7-m\libcr_eabihelpers.a(double.o)
                0x0000aef0                __aeabi_d2iz
 .text.__bhs_ui2d
                0x0000af30       0x5c c:/nxp/lpcxpresso_6.1.4_194/lpcxpresso/tools/bin/../lib/gcc/arm-none-eabi/4.6.2/armv7-m\libcr_eabihelpers.a(double.o)
                0x0000af30                __bhs_ui2d
 .text.__aeabi_i2d
                0x0000af8c       0x10 c:/nxp/lpcxpresso_6.1.4_194/lpcxpresso/tools/bin/../lib/gcc/arm-none-eabi/4.6.2/armv7-m\libcr_eabihelpers.a(double.o)
                0x0000af8c                __aeabi_i2d
 .text.__aeabi_dcmpeq
                0x0000af9c       0x3c c:/nxp/lpcxpresso_6.1.4_194/lpcxpresso/tools/bin/../lib/gcc/arm-none-eabi/4.6.2/armv7-m\libcr_eabihelpers.a(double.o)
                0x0000af9c                __aeabi_dcmpeq
 .text.__aeabi_dcmplt
                0x0000afd8       0x5c c:/nxp/lpcxpresso_6.1.4_194/lpcxpresso/tools/bin/../lib/gcc/arm-none-eabi/4.6.2/armv7-m\libcr_eabihelpers.a(double.o)
                0x0000afd8                __aeabi_dcmplt
 .text.__aeabi_dcmple
                0x0000b034       0x58 c:/nxp/lpcxpresso_6.1.4_194/lpcxpresso/tools/bin/../lib/gcc/arm-none-eabi/4.6.2/armv7-m\libcr_eabihelpers.a(double.o)
                0x0000b034                __aeabi_dcmple
 .text.__aeabi_dcmpge
                0x0000b08c       0x5c c:/nxp/lpcxpresso_6.1.4_194/lpcxpresso/tools/bin/../lib/gcc/arm-none-eabi/4.6.2/armv7-m\libcr_eabihelpers.a(double.o)
                0x0000b08c                __aeabi_dcmpge
 .text.__aeabi_memset_lowlevel
                0x0000b0e8       0x24 c:/nxp/lpcxpresso_6.1.4_194/lpcxpresso/tools/bin/../lib/gcc/arm-none-eabi/4.6.2/armv7-m\libcr_eabihelpers.a(memcpy.o)
                0x0000b0e8                __aeabi_lowlevel_memset
 .text.__sys_appexit
                0x0000b10c        0xc c:/nxp/lpcxpresso_6.1.4_194/lpcxpresso/tools/bin/../lib/gcc/arm-none-eabi/4.6.2/../../../../arm-none-eabi/lib/armv7-m\libcr_semihost.a(__sys_appexit.o)
                0x0000b10c                __sys_appexit
                0x0000b10c                __exit
 .text.__sys_close
                0x0000b118        0xc c:/nxp/lpcxpresso_6.1.4_194/lpcxpresso/tools/bin/../lib/gcc/arm-none-eabi/4.6.2/../../../../arm-none-eabi/lib/armv7-m\libcr_semihost.a(__sys_close.o)
                0x0000b118                __sys_close
 .text.__sys_flen
                0x0000b124        0xc c:/nxp/lpcxpresso_6.1.4_194/lpcxpresso/tools/bin/../lib/gcc/arm-none-eabi/4.6.2/../../../../arm-none-eabi/lib/armv7-m\libcr_semihost.a(__sys_flen.o)
                0x0000b124                __sys_flen
 .text.__sys_istty
                0x0000b130        0xc c:/nxp/lpcxpresso_6.1.4_194/lpcxpresso/tools/bin/../lib/gcc/arm-none-eabi/4.6.2/../../../../arm-none-eabi/lib/armv7-m\libcr_semihost.a(__sys_istty.o)
                0x0000b130                __sys_istty
 .text.__sys_remove
                0x0000b13c        0xc c:/nxp/lpcxpresso_6.1.4_194/lpcxpresso/tools/bin/../lib/gcc/arm-none-eabi/4.6.2/../../../../arm-none-eabi/lib/armv7-m\libcr_semihost.a(__sys_remove.o)
                0x0000b13c                __sys_remove
 .text.__sys_seek
                0x0000b148        0xc c:/nxp/lpcxpresso_6.1.4_194/lpcxpresso/tools/bin/../lib/gcc/arm-none-eabi/4.6.2/../../../../arm-none-eabi/lib/armv7-m\libcr_semihost.a(__sys_seek.o)
                0x0000b148                __sys_seek
 .text.__sys_tmpnam
                0x0000b154        0xc c:/nxp/lpcxpresso_6.1.4_194/lpcxpresso/tools/bin/../lib/gcc/arm-none-eabi/4.6.2/../../../../arm-none-eabi/lib/armv7-m\libcr_semihost.a(__sys_tmpnam.o)
                0x0000b154                __sys_tmpnam
 .text.__sys_write
                0x0000b160        0xc c:/nxp/lpcxpresso_6.1.4_194/lpcxpresso/tools/bin/../lib/gcc/arm-none-eabi/4.6.2/../../../../arm-none-eabi/lib/armv7-m\libcr_semihost.a(__sys_write.o)
                0x0000b160                __sys_write
                0x0000b160                __write
 .text._sbrk    0x0000b16c       0x40 c:/nxp/lpcxpresso_6.1.4_194/lpcxpresso/tools/bin/../lib/gcc/arm-none-eabi/4.6.2/../../../../arm-none-eabi/lib/armv7-m\libcr_semihost.a(_cr_sbrk.o)
                0x0000b16c                _sbrk
 .text.__check_heap_overflow
                0x0000b1ac       0x2c c:/nxp/lpcxpresso_6.1.4_194/lpcxpresso/tools/bin/../lib/gcc/arm-none-eabi/4.6.2/../../../../arm-none-eabi/lib/armv7-m\libcr_semihost.a(_cr_check_heap.o)
                0x0000b1ac                __check_heap_overflow
 *(.rodata .rodata.* .constdata .constdata.*)
 .rodata        0x0000b1d8       0x30 ./Drivers/SD/LPC1769_DRIVERS/src/lpc17xx_rtc.o
 .rodata        0x0000b208       0x30 ./Drivers/SD/LPC1769_DRIVERS/src/lpc17xx_ssp.o
 .rodata.Tbl    0x0000b238      0x100 ./Drivers/SD/FatFs library/option/ccsbcs.o
 .rodata.tbl_lower.3675
                0x0000b338      0x1e0 ./Drivers/SD/FatFs library/option/ccsbcs.o
 .rodata.tbl_upper.3676
                0x0000b518      0x1e0 ./Drivers/SD/FatFs library/option/ccsbcs.o
 .rodata.LfnOfs
                0x0000b6f8       0x10 ./Drivers/SD/FatFs library/ff.o
 .rodata        0x0000b708       0x14 ./Drivers/SD/FatFs library/ff.o
 .rodata.excvt.3926
                0x0000b71c       0x80 ./Drivers/SD/FatFs library/ff.o
 .rodata        0x0000b79c       0x90 ./Aplicacion/AppFunctions.o
 .rodata.str1.1
                0x0000b82c       0x18 c:/nxp/lpcxpresso_6.1.4_194/lpcxpresso/tools/bin/../lib/gcc/arm-none-eabi/4.6.2/../../../../arm-none-eabi/lib/armv7-m\libcr_c.a(alloc.o)
 .rodata.str1.1
                0x0000b844       0x34 c:/nxp/lpcxpresso_6.1.4_194/lpcxpresso/tools/bin/../lib/gcc/arm-none-eabi/4.6.2/../../../../arm-none-eabi/lib/armv7-m\libcr_c.a(fpprintf.o)
                                 0x35 (size before relaxing)
 .rodata.str1.1
                0x0000b878        0x4 c:/nxp/lpcxpresso_6.1.4_194/lpcxpresso/tools/bin/../lib/gcc/arm-none-eabi/4.6.2/../../../../arm-none-eabi/lib/armv7-m\libcr_c.a(initio.o)
 .rodata.str1.1
                0x0000b87c       0x31 c:/nxp/lpcxpresso_6.1.4_194/lpcxpresso/tools/bin/../lib/gcc/arm-none-eabi/4.6.2/../../../../arm-none-eabi/lib/armv7-m\libcr_c.a(printf.o)
                                 0x38 (size before relaxing)
 *fill*         0x0000b8ad        0x3 00
 .rodata.__huge_vall
                0x0000b8b0        0x8 c:/nxp/lpcxpresso_6.1.4_194/lpcxpresso/tools/bin/../lib/gcc/arm-none-eabi/4.6.2/../../../../arm-none-eabi/lib/armv7-m\libcr_c.a(_hugeval.o)
                0x0000b8b0                __huge_vall
 .rodata.__ctype
                0x0000b8b8      0x180 c:/nxp/lpcxpresso_6.1.4_194/lpcxpresso/tools/bin/../lib/gcc/arm-none-eabi/4.6.2/../../../../arm-none-eabi/lib/armv7-m\libcr_c.a(ctype.o)
                0x0000b8b8                __ctype
                0x0000ba38                . = ALIGN (0x4)

.glue_7         0x0000ba38        0x0
 .glue_7        0x00000000        0x0 linker stubs

.glue_7t        0x0000ba38        0x0
 .glue_7t       0x00000000        0x0 linker stubs

.vfp11_veneer   0x0000ba38        0x0
 .vfp11_veneer  0x00000000        0x0 linker stubs

.v4_bx          0x0000ba38        0x0
 .v4_bx         0x00000000        0x0 linker stubs

.ARM.extab
 *(.ARM.extab* .gnu.linkonce.armextab.*)
                0x0000ba38                __exidx_start = .

.ARM.exidx
 *(.ARM.exidx* .gnu.linkonce.armexidx.*)
                0x0000ba38                __exidx_end = .
                0x0000ba38                _etext = .

.data_RAM2      0x2007c000        0x0 load address 0x0000ba38
 FILL mask 0xff
 *(.data.$RAM2*)
 *(.data.$RamAHB32*)
                0x2007c000                . = ALIGN (0x4)

.uninit_RESERVED
                0x10000000        0x0
 *(.bss.$RESERVED*)
                0x10000000                . = ALIGN (0x4)
                0x10000000                _end_uninit_RESERVED = .

.data           0x10000000        0xc load address 0x0000ba38
 FILL mask 0xff
                0x10000000                _data = .
 *(vtable)
 *(.data*)
 .data.tx_buffer_empty
                0x10000000        0x1 ./Primitivas/PR_UART1_RS232.o
                0x10000000                tx_buffer_empty
 .data.rx_buffer_empty
                0x10000001        0x1 ./Primitivas/PR_UART1_RS232.o
                0x10000001                rx_buffer_empty
 .data.Stat     0x10000002        0x1 ./Drivers/SD/SD-MMC Drivers/src/sd_mmc.o
 .data.codigoAnterior.3545
                0x10000003        0x1 ./Drivers/FW_Teclado.o
 .data.G_estado_DMA
                0x10000004        0x1 ./Aplicacion/AppFunctions.o
                0x10000004                G_estado_DMA
 .data.G_estado_cancion
                0x10000005        0x1 ./Aplicacion/AppFunctions.o
                0x10000005                G_estado_cancion
 .data.vol      0x10000006        0x1 ./Aplicacion/AppFunctions.o
                0x10000006                vol
 .data.buffer_activo.4419
                0x10000007        0x1 ./Aplicacion/AppFunctions.o
 .data.buffer2_empty.4421
                0x10000008        0x1 ./Aplicacion/AppFunctions.o
 .data.buffer1_empty.4420
                0x10000009        0x1 ./Aplicacion/AppFunctions.o
                0x1000000c                . = ALIGN (0x4)
 *fill*         0x1000000a        0x2 ff
                0x1000000c                _edata = .

.bss_RAM2       0x2007c000        0x0
 *(.bss.$RAM2*)
 *(.bss.$RamAHB32*)
                0x2007c000                . = ALIGN (0x4)

.bss            0x1000000c     0x4610
                0x1000000c                _bss = .
 *(.bss*)
 .bss.DISPLAY_POS
                0x1000000c        0x1 ./Primitivas/PR_LCD.o
 .bss.LINE1_WIDTH
                0x1000000d        0x1 ./Primitivas/PR_LCD.o
 .bss.LINE2_WIDTH
                0x1000000e        0x1 ./Primitivas/PR_LCD.o
 *fill*         0x1000000f        0x1 00
 .bss.TICK_RECORRER_LCD
                0x10000010        0x4 ./Primitivas/PR_LCD.o
 .bss.DELAY_MUESTRA_LCD
                0x10000014        0x4 ./Primitivas/PR_LCD.o
 .bss.tx_buffer_full
                0x10000018        0x1 ./Primitivas/PR_UART1_RS232.o
                0x10000018                tx_buffer_full
 .bss.rx_buffer_full
                0x10000019        0x1 ./Primitivas/PR_UART1_RS232.o
                0x10000019                rx_buffer_full
 .bss.Timer1    0x1000001a        0x1 ./Drivers/SD/SD-MMC Drivers/src/sd_mmc.o
 .bss.Timer2    0x1000001b        0x1 ./Drivers/SD/SD-MMC Drivers/src/sd_mmc.o
 .bss.CardType  0x1000001c        0x1 ./Drivers/SD/SD-MMC Drivers/src/sd_mmc.o
 *fill*         0x1000001d        0x3 00
 .bss.sspdat    0x10000020       0x18 ./Drivers/SD/LPC1769_DRIVERS/src/lpc17xx_ssp.o
 .bss.FatFs     0x10000038        0x8 ./Drivers/SD/FatFs library/ff.o
 .bss.Fsid      0x10000040        0x2 ./Drivers/SD/FatFs library/ff.o
 *fill*         0x10000042        0x2 00
 .bss.LfnBuf    0x10000044      0x200 ./Drivers/SD/FatFs library/ff.o
 .bss.G_dma_transfer_done
                0x10000244        0x1 ./Drivers/FW_DMA.o
                0x10000244                G_dma_transfer_done
 .bss.digito.3546
                0x10000245        0x1 ./Drivers/FW_Display7Seg.o
 *fill*         0x10000246        0x2 00
 .bss.Buffer_LCD
                0x10000248       0x50 ./Drivers/FW_LCD.o
 .bss.inxInLCD  0x10000298        0x4 ./Drivers/FW_LCD.o
 .bss.inxOutLCD
                0x1000029c        0x4 ./Drivers/FW_LCD.o
 .bss.cantidadColaLCD
                0x100002a0        0x4 ./Drivers/FW_LCD.o
 .bss.estadosEstables.3546
                0x100002a4        0x1 ./Drivers/FW_Teclado.o
 *fill*         0x100002a5        0x3 00
 .bss.G_tiempo_actual
                0x100002a8        0x4 ./Drivers/FW_Timer1.o
                0x100002a8                G_tiempo_actual
 .bss.Timer1    0x100002ac        0x4 ./Drivers/FW_Timertick.o
                0x100002ac                Timer1
 .bss.Delay_LCD
                0x100002b0        0x4 ./Drivers/FW_Timertick.o
                0x100002b0                Delay_LCD
 .bss.Delay_teclado
                0x100002b4        0x4 ./Drivers/FW_Timertick.o
                0x100002b4                Delay_teclado
 .bss.G_Timer_Rx
                0x100002b8        0x4 ./Drivers/FW_UART1_RS232.o
                0x100002b8                G_Timer_Rx
 .bss.G_Timer_Buzzer
                0x100002bc        0x4 ./Aplicacion/AppFunctions.o
                0x100002bc                G_Timer_Buzzer
 .bss.G_start_transfer
                0x100002c0        0x1 ./Aplicacion/AppFunctions.o
                0x100002c0                G_start_transfer
 *fill*         0x100002c1        0x3 00
 .bss.G_nombres_archivos
                0x100002c4     0x1770 ./Aplicacion/AppFunctions.o
                0x100002c4                G_nombres_archivos
 .bss.G_song_code
                0x10001a34        0x4 ./Aplicacion/AppFunctions.o
                0x10001a34                G_song_code
 .bss.G_modo    0x10001a38        0x1 ./Aplicacion/AppFunctions.o
                0x10001a38                G_modo
 .bss.estado.4496
                0x10001a39        0x1 ./Aplicacion/AppFunctions.o
 .bss.ctr.4497  0x10001a3a        0x1 ./Aplicacion/AppFunctions.o
 *fill*         0x10001a3b        0x1 00
 .bss.buffer.4498
                0x10001a3c        0x8 ./Aplicacion/AppFunctions.o
 .bss.errno     0x10001a44        0x4 c:/nxp/lpcxpresso_6.1.4_194/lpcxpresso/tools/bin/../lib/gcc/arm-none-eabi/4.6.2/../../../../arm-none-eabi/lib/armv7-m\libcr_c.a(errno.o)
                0x10001a44                errno
 *(COMMON)
 COMMON         0x10001a48      0x809 ./Primitivas/PR_UART1_RS232.o
                0x10001a48                rx_out
                0x10001a4c                bufferRx
                0x10001e4c                tx_out
                0x10001e4d                tx_in
                0x10001e50                bufferTx
                0x10002250                rx_in
 *fill*         0x10002251        0x3 00
 COMMON         0x10002254        0x4 ./Drivers/FW_Display7Seg.o
                0x10002254                Digitos
 COMMON         0x10002258        0x4 ./Drivers/FW_LCD.o
                0x10002258                G_demora_LCD
 COMMON         0x1000225c        0x4 ./Drivers/FW_Teclado.o
                0x1000225c                Key
 COMMON         0x10002260        0x1 ./Drivers/FW_UART1_RS232.o
                0x10002260                txStart
 *fill*         0x10002261        0x3 00
 COMMON         0x10002264     0x226c ./Aplicacion/AppFunctions.o
                0x10002264                G_fatfs
                0x10002494                G_cmd
                0x1000249c                G_songs_number
                0x100024a0                G_fp
                0x100024c4                G_songs_authors
                0x100024c8                G_songs_durations
                0x100024cc                G_buffer1_DMA
                0x100034cc                G_songs_titles
                0x100034d0                G_buffer2_DMA
 COMMON         0x100044d0        0x4 c:/nxp/lpcxpresso_6.1.4_194/lpcxpresso/tools/bin/../lib/gcc/arm-none-eabi/4.6.2/../../../../arm-none-eabi/lib/armv7-m\libcr_c.a(initio.o)
                0x100044d0                _extra
 COMMON         0x100044d4      0x140 c:/nxp/lpcxpresso_6.1.4_194/lpcxpresso/tools/bin/../lib/gcc/arm-none-eabi/4.6.2/../../../../arm-none-eabi/lib/armv7-m\libcr_c.a(stdio.o)
                0x100044d4                __Ciob
 COMMON         0x10004614        0x8 c:/nxp/lpcxpresso_6.1.4_194/lpcxpresso/tools/bin/../lib/gcc/arm-none-eabi/4.6.2/../../../../arm-none-eabi/lib/armv7-m\libcr_c.a(__init_alloc.o)
                0x10004614                __heaps
                0x10004618                __end_of_heap
                0x1000461c                . = ALIGN (0x4)
                0x1000461c                _ebss = .
                0x1000461c                PROVIDE (end, .)

.noinit_RAM2    0x2007c000        0x0
 *(.noinit.$RAM2*)
 *(.noinit.$RamAHB32*)
                0x2007c000                . = ALIGN (0x4)

.noinit         0x1000461c        0x0
                0x1000461c                _noinit = .
 *(.noinit*)
                0x1000461c                . = ALIGN (0x4)
                0x1000461c                _end_noinit = .
                0x1000461c                PROVIDE (_pvHeapStart, .)
                0x10008000                PROVIDE (_vStackTop, (__top_RamLoc32 - 0x0))
OUTPUT(Proyecto_Info2.axf elf32-littlearm)

.debug_info     0x00000000     0x8f60
 .debug_info    0x00000000      0x16b ./Primitivas/PR_Display7Seg.o
 .debug_info    0x0000016b      0x183 ./Primitivas/PR_LCD.o
 .debug_info    0x000002ee       0xc5 ./Primitivas/PR_Teclado.o
 .debug_info    0x000003b3      0x2e1 ./Primitivas/PR_UART1_RS232.o
 .debug_info    0x00000694       0xa4 ./Inicializacion_Kit/KitInic.o
 .debug_info    0x00000738       0xa4 ./Inicializacion_Kit/KitInic_Expansiones.o
 .debug_info    0x000007dc      0x17d ./Inicializacion_Kit/UtilesInfo2.o
 .debug_info    0x00000959      0x2ab ./Inicializacion_Kit/cr_startup_lpc176x.o
 .debug_info    0x00000c04      0xafe ./Drivers/SD/SD-MMC Drivers/src/sd_mmc.o
 .debug_info    0x00001702      0x6dc ./Drivers/SD/LPC1769_DRIVERS/src/lpc17xx_clkpwr.o
 .debug_info    0x00001dde      0xe29 ./Drivers/SD/LPC1769_DRIVERS/src/lpc17xx_gpio.o
 .debug_info    0x00002c07       0xcd ./Drivers/SD/LPC1769_DRIVERS/src/lpc17xx_libcfg_default.o
 .debug_info    0x00002cd4      0x4b9 ./Drivers/SD/LPC1769_DRIVERS/src/lpc17xx_pinsel.o
 .debug_info    0x0000318d      0xa1e ./Drivers/SD/LPC1769_DRIVERS/src/lpc17xx_rtc.o
 .debug_info    0x00003bab      0x867 ./Drivers/SD/LPC1769_DRIVERS/src/lpc17xx_ssp.o
 .debug_info    0x00004412      0x260 ./Drivers/SD/LPC1769_DRIVERS/src/lpc17xx_systick.o
 .debug_info    0x00004672      0x891 ./Drivers/SD/LPC1769_DRIVERS/src/lpc17xx_timer.o
 .debug_info    0x00004f03      0x165 ./Drivers/SD/FatFs library/option/ccsbcs.o
 .debug_info    0x00005068      0x714 ./Drivers/SD/FatFs library/hardware/diskio.o
 .debug_info    0x0000577c     0x1d61 ./Drivers/SD/FatFs library/ff.o
 .debug_info    0x000074dd       0x7a ./Drivers/FW_DAC.o
 .debug_info    0x00007557      0x11c ./Drivers/FW_DMA.o
 .debug_info    0x00007673       0xe2 ./Drivers/FW_Display7Seg.o
 .debug_info    0x00007755      0x19a ./Drivers/FW_LCD.o
 .debug_info    0x000078ef      0x12b ./Drivers/FW_Teclado.o
 .debug_info    0x00007a1a      0x328 ./Drivers/FW_Timer1.o
 .debug_info    0x00007d42      0x268 ./Drivers/FW_Timertick.o
 .debug_info    0x00007faa       0xf9 ./Drivers/FW_UART1_RS232.o
 .debug_info    0x000080a3      0xe06 ./Aplicacion/AppFunctions.o
 .debug_info    0x00008ea9       0xb7 ./Aplicacion/main.o

.debug_abbrev   0x00000000     0x1e55
 .debug_abbrev  0x00000000       0xbd ./Primitivas/PR_Display7Seg.o
 .debug_abbrev  0x000000bd       0xd8 ./Primitivas/PR_LCD.o
 .debug_abbrev  0x00000195       0x81 ./Primitivas/PR_Teclado.o
 .debug_abbrev  0x00000216       0xd8 ./Primitivas/PR_UART1_RS232.o
 .debug_abbrev  0x000002ee       0x4c ./Inicializacion_Kit/KitInic.o
 .debug_abbrev  0x0000033a       0x4c ./Inicializacion_Kit/KitInic_Expansiones.o
 .debug_abbrev  0x00000386       0x8c ./Inicializacion_Kit/UtilesInfo2.o
 .debug_abbrev  0x00000412       0xed ./Inicializacion_Kit/cr_startup_lpc176x.o
 .debug_abbrev  0x000004ff      0x233 ./Drivers/SD/SD-MMC Drivers/src/sd_mmc.o
 .debug_abbrev  0x00000732      0x1a8 ./Drivers/SD/LPC1769_DRIVERS/src/lpc17xx_clkpwr.o
 .debug_abbrev  0x000008da      0x1cb ./Drivers/SD/LPC1769_DRIVERS/src/lpc17xx_gpio.o
 .debug_abbrev  0x00000aa5       0x6a ./Drivers/SD/LPC1769_DRIVERS/src/lpc17xx_libcfg_default.o
 .debug_abbrev  0x00000b0f      0x11f ./Drivers/SD/LPC1769_DRIVERS/src/lpc17xx_pinsel.o
 .debug_abbrev  0x00000c2e      0x16b ./Drivers/SD/LPC1769_DRIVERS/src/lpc17xx_rtc.o
 .debug_abbrev  0x00000d99      0x1d3 ./Drivers/SD/LPC1769_DRIVERS/src/lpc17xx_ssp.o
 .debug_abbrev  0x00000f6c      0x11a ./Drivers/SD/LPC1769_DRIVERS/src/lpc17xx_systick.o
 .debug_abbrev  0x00001086      0x1b6 ./Drivers/SD/LPC1769_DRIVERS/src/lpc17xx_timer.o
 .debug_abbrev  0x0000123c       0xa9 ./Drivers/SD/FatFs library/option/ccsbcs.o
 .debug_abbrev  0x000012e5      0x17d ./Drivers/SD/FatFs library/hardware/diskio.o
 .debug_abbrev  0x00001462      0x18f ./Drivers/SD/FatFs library/ff.o
 .debug_abbrev  0x000015f1       0x4c ./Drivers/FW_DAC.o
 .debug_abbrev  0x0000163d       0xbb ./Drivers/FW_DMA.o
 .debug_abbrev  0x000016f8       0xa0 ./Drivers/FW_Display7Seg.o
 .debug_abbrev  0x00001798       0xd3 ./Drivers/FW_LCD.o
 .debug_abbrev  0x0000186b       0xba ./Drivers/FW_Teclado.o
 .debug_abbrev  0x00001925       0xf5 ./Drivers/FW_Timer1.o
 .debug_abbrev  0x00001a1a      0x109 ./Drivers/FW_Timertick.o
 .debug_abbrev  0x00001b23       0xa3 ./Drivers/FW_UART1_RS232.o
 .debug_abbrev  0x00001bc6      0x21b ./Aplicacion/AppFunctions.o
 .debug_abbrev  0x00001de1       0x74 ./Aplicacion/main.o

.debug_loc      0x00000000     0x37bd
 .debug_loc     0x00000000       0xa8 ./Primitivas/PR_Display7Seg.o
 .debug_loc     0x000000a8       0xf4 ./Primitivas/PR_LCD.o
 .debug_loc     0x0000019c       0x38 ./Primitivas/PR_Teclado.o
 .debug_loc     0x000001d4      0x118 ./Primitivas/PR_UART1_RS232.o
 .debug_loc     0x000002ec       0x84 ./Inicializacion_Kit/KitInic.o
 .debug_loc     0x00000370       0x84 ./Inicializacion_Kit/KitInic_Expansiones.o
 .debug_loc     0x000003f4       0xe0 ./Inicializacion_Kit/UtilesInfo2.o
 .debug_loc     0x000004d4      0x260 ./Inicializacion_Kit/cr_startup_lpc176x.o
 .debug_loc     0x00000734      0x3f8 ./Drivers/SD/SD-MMC Drivers/src/sd_mmc.o
 .debug_loc     0x00000b2c      0x190 ./Drivers/SD/LPC1769_DRIVERS/src/lpc17xx_clkpwr.o
 .debug_loc     0x00000cbc      0x620 ./Drivers/SD/LPC1769_DRIVERS/src/lpc17xx_gpio.o
 .debug_loc     0x000012dc       0x38 ./Drivers/SD/LPC1769_DRIVERS/src/lpc17xx_libcfg_default.o
 .debug_loc     0x00001314      0x150 ./Drivers/SD/LPC1769_DRIVERS/src/lpc17xx_pinsel.o
 .debug_loc     0x00001464      0x460 ./Drivers/SD/LPC1769_DRIVERS/src/lpc17xx_rtc.o
 .debug_loc     0x000018c4      0x448 ./Drivers/SD/LPC1769_DRIVERS/src/lpc17xx_ssp.o
 .debug_loc     0x00001d0c      0x138 ./Drivers/SD/LPC1769_DRIVERS/src/lpc17xx_systick.o
 .debug_loc     0x00001e44      0x380 ./Drivers/SD/LPC1769_DRIVERS/src/lpc17xx_timer.o
 .debug_loc     0x000021c4       0x70 ./Drivers/SD/FatFs library/option/ccsbcs.o
 .debug_loc     0x00002234      0x150 ./Drivers/SD/FatFs library/hardware/diskio.o
 .debug_loc     0x00002384      0xad6 ./Drivers/SD/FatFs library/ff.o
 .debug_loc     0x00002e5a       0x2c ./Drivers/FW_DAC.o
 .debug_loc     0x00002e86       0xbc ./Drivers/FW_DMA.o
 .debug_loc     0x00002f42       0x38 ./Drivers/FW_Display7Seg.o
 .debug_loc     0x00002f7a       0xe0 ./Drivers/FW_LCD.o
 .debug_loc     0x0000305a       0xa8 ./Drivers/FW_Teclado.o
 .debug_loc     0x00003102       0xb0 ./Drivers/FW_Timer1.o
 .debug_loc     0x000031b2       0x64 ./Drivers/FW_Timertick.o
 .debug_loc     0x00003216       0x64 ./Drivers/FW_UART1_RS232.o
 .debug_loc     0x0000327a      0x50b ./Aplicacion/AppFunctions.o
 .debug_loc     0x00003785       0x38 ./Aplicacion/main.o

.debug_aranges  0x00000000      0xb18
 .debug_aranges
                0x00000000       0x30 ./Primitivas/PR_Display7Seg.o
 .debug_aranges
                0x00000030       0x40 ./Primitivas/PR_LCD.o
 .debug_aranges
                0x00000070       0x20 ./Primitivas/PR_Teclado.o
 .debug_aranges
                0x00000090       0x40 ./Primitivas/PR_UART1_RS232.o
 .debug_aranges
                0x000000d0       0x30 ./Inicializacion_Kit/KitInic.o
 .debug_aranges
                0x00000100       0x30 ./Inicializacion_Kit/KitInic_Expansiones.o
 .debug_aranges
                0x00000130       0x38 ./Inicializacion_Kit/UtilesInfo2.o
 .debug_aranges
                0x00000168       0x80 ./Inicializacion_Kit/cr_startup_lpc176x.o
 .debug_aranges
                0x000001e8       0xb0 ./Drivers/SD/SD-MMC Drivers/src/sd_mmc.o
 .debug_aranges
                0x00000298       0x58 ./Drivers/SD/LPC1769_DRIVERS/src/lpc17xx_clkpwr.o
 .debug_aranges
                0x000002f0       0xf8 ./Drivers/SD/LPC1769_DRIVERS/src/lpc17xx_gpio.o
 .debug_aranges
                0x000003e8       0x20 ./Drivers/SD/LPC1769_DRIVERS/src/lpc17xx_libcfg_default.o
 .debug_aranges
                0x00000408       0x48 ./Drivers/SD/LPC1769_DRIVERS/src/lpc17xx_pinsel.o
 .debug_aranges
                0x00000450       0xb8 ./Drivers/SD/LPC1769_DRIVERS/src/lpc17xx_rtc.o
 .debug_aranges
                0x00000508       0xb8 ./Drivers/SD/LPC1769_DRIVERS/src/lpc17xx_ssp.o
 .debug_aranges
                0x000005c0       0x48 ./Drivers/SD/LPC1769_DRIVERS/src/lpc17xx_systick.o
 .debug_aranges
                0x00000608       0x98 ./Drivers/SD/LPC1769_DRIVERS/src/lpc17xx_timer.o
 .debug_aranges
                0x000006a0       0x28 ./Drivers/SD/FatFs library/option/ccsbcs.o
 .debug_aranges
                0x000006c8       0x48 ./Drivers/SD/FatFs library/hardware/diskio.o
 .debug_aranges
                0x00000710      0x1a0 ./Drivers/SD/FatFs library/ff.o
 .debug_aranges
                0x000008b0       0x20 ./Drivers/FW_DAC.o
 .debug_aranges
                0x000008d0       0x38 ./Drivers/FW_DMA.o
 .debug_aranges
                0x00000908       0x20 ./Drivers/FW_Display7Seg.o
 .debug_aranges
                0x00000928       0x38 ./Drivers/FW_LCD.o
 .debug_aranges
                0x00000960       0x30 ./Drivers/FW_Teclado.o
 .debug_aranges
                0x00000990       0x38 ./Drivers/FW_Timer1.o
 .debug_aranges
                0x000009c8       0x28 ./Drivers/FW_Timertick.o
 .debug_aranges
                0x000009f0       0x28 ./Drivers/FW_UART1_RS232.o
 .debug_aranges
                0x00000a18       0xe0 ./Aplicacion/AppFunctions.o
 .debug_aranges
                0x00000af8       0x20 ./Aplicacion/main.o

.debug_ranges   0x00000000      0x938
 .debug_ranges  0x00000000       0x20 ./Primitivas/PR_Display7Seg.o
 .debug_ranges  0x00000020       0x30 ./Primitivas/PR_LCD.o
 .debug_ranges  0x00000050       0x10 ./Primitivas/PR_Teclado.o
 .debug_ranges  0x00000060       0x30 ./Primitivas/PR_UART1_RS232.o
 .debug_ranges  0x00000090       0x20 ./Inicializacion_Kit/KitInic.o
 .debug_ranges  0x000000b0       0x20 ./Inicializacion_Kit/KitInic_Expansiones.o
 .debug_ranges  0x000000d0       0x28 ./Inicializacion_Kit/UtilesInfo2.o
 .debug_ranges  0x000000f8       0x70 ./Inicializacion_Kit/cr_startup_lpc176x.o
 .debug_ranges  0x00000168       0xa0 ./Drivers/SD/SD-MMC Drivers/src/sd_mmc.o
 .debug_ranges  0x00000208       0x48 ./Drivers/SD/LPC1769_DRIVERS/src/lpc17xx_clkpwr.o
 .debug_ranges  0x00000250       0xe8 ./Drivers/SD/LPC1769_DRIVERS/src/lpc17xx_gpio.o
 .debug_ranges  0x00000338       0x10 ./Drivers/SD/LPC1769_DRIVERS/src/lpc17xx_libcfg_default.o
 .debug_ranges  0x00000348       0x38 ./Drivers/SD/LPC1769_DRIVERS/src/lpc17xx_pinsel.o
 .debug_ranges  0x00000380       0xa8 ./Drivers/SD/LPC1769_DRIVERS/src/lpc17xx_rtc.o
 .debug_ranges  0x00000428       0xa8 ./Drivers/SD/LPC1769_DRIVERS/src/lpc17xx_ssp.o
 .debug_ranges  0x000004d0       0x38 ./Drivers/SD/LPC1769_DRIVERS/src/lpc17xx_systick.o
 .debug_ranges  0x00000508       0x88 ./Drivers/SD/LPC1769_DRIVERS/src/lpc17xx_timer.o
 .debug_ranges  0x00000590       0x18 ./Drivers/SD/FatFs library/option/ccsbcs.o
 .debug_ranges  0x000005a8       0x38 ./Drivers/SD/FatFs library/hardware/diskio.o
 .debug_ranges  0x000005e0      0x190 ./Drivers/SD/FatFs library/ff.o
 .debug_ranges  0x00000770       0x10 ./Drivers/FW_DAC.o
 .debug_ranges  0x00000780       0x28 ./Drivers/FW_DMA.o
 .debug_ranges  0x000007a8       0x10 ./Drivers/FW_Display7Seg.o
 .debug_ranges  0x000007b8       0x28 ./Drivers/FW_LCD.o
 .debug_ranges  0x000007e0       0x20 ./Drivers/FW_Teclado.o
 .debug_ranges  0x00000800       0x28 ./Drivers/FW_Timer1.o
 .debug_ranges  0x00000828       0x18 ./Drivers/FW_Timertick.o
 .debug_ranges  0x00000840       0x18 ./Drivers/FW_UART1_RS232.o
 .debug_ranges  0x00000858       0xd0 ./Aplicacion/AppFunctions.o
 .debug_ranges  0x00000928       0x10 ./Aplicacion/main.o

.debug_line     0x00000000     0x833e
 .debug_line    0x00000000      0x1d9 ./Primitivas/PR_Display7Seg.o
 .debug_line    0x000001d9      0x425 ./Primitivas/PR_LCD.o
 .debug_line    0x000005fe      0x12e ./Primitivas/PR_Teclado.o
 .debug_line    0x0000072c      0x1af ./Primitivas/PR_UART1_RS232.o
 .debug_line    0x000008db      0x234 ./Inicializacion_Kit/KitInic.o
 .debug_line    0x00000b0f      0x103 ./Inicializacion_Kit/KitInic_Expansiones.o
 .debug_line    0x00000c12      0x116 ./Inicializacion_Kit/UtilesInfo2.o
 .debug_line    0x00000d28       0xe8 ./Inicializacion_Kit/cr_startup_lpc176x.o
 .debug_line    0x00000e10      0x907 ./Drivers/SD/SD-MMC Drivers/src/sd_mmc.o
 .debug_line    0x00001717      0x53f ./Drivers/SD/LPC1769_DRIVERS/src/lpc17xx_clkpwr.o
 .debug_line    0x00001c56      0x754 ./Drivers/SD/LPC1769_DRIVERS/src/lpc17xx_gpio.o
 .debug_line    0x000023aa      0x3ca ./Drivers/SD/LPC1769_DRIVERS/src/lpc17xx_libcfg_default.o
 .debug_line    0x00002774      0x4d7 ./Drivers/SD/LPC1769_DRIVERS/src/lpc17xx_pinsel.o
 .debug_line    0x00002c4b      0x90d ./Drivers/SD/LPC1769_DRIVERS/src/lpc17xx_rtc.o
 .debug_line    0x00003558      0x8b3 ./Drivers/SD/LPC1769_DRIVERS/src/lpc17xx_ssp.o
 .debug_line    0x00003e0b      0x52e ./Drivers/SD/LPC1769_DRIVERS/src/lpc17xx_systick.o
 .debug_line    0x00004339      0x808 ./Drivers/SD/LPC1769_DRIVERS/src/lpc17xx_timer.o
 .debug_line    0x00004b41       0xf5 ./Drivers/SD/FatFs library/option/ccsbcs.o
 .debug_line    0x00004c36      0x616 ./Drivers/SD/FatFs library/hardware/diskio.o
 .debug_line    0x0000524c     0x1291 ./Drivers/SD/FatFs library/ff.o
 .debug_line    0x000064dd       0xe8 ./Drivers/FW_DAC.o
 .debug_line    0x000065c5      0x22e ./Drivers/FW_DMA.o
 .debug_line    0x000067f3      0x143 ./Drivers/FW_Display7Seg.o
 .debug_line    0x00006936      0x187 ./Drivers/FW_LCD.o
 .debug_line    0x00006abd      0x160 ./Drivers/FW_Teclado.o
 .debug_line    0x00006c1d      0x325 ./Drivers/FW_Timer1.o
 .debug_line    0x00006f42      0x5ce ./Drivers/FW_Timertick.o
 .debug_line    0x00007510      0x1db ./Drivers/FW_UART1_RS232.o
 .debug_line    0x000076eb      0x9a0 ./Aplicacion/AppFunctions.o
 .debug_line    0x0000808b      0x2b3 ./Aplicacion/main.o

.debug_macinfo  0x00000000    0xb0698
 .debug_macinfo
                0x00000000     0x469f ./Primitivas/PR_Display7Seg.o
 .debug_macinfo
                0x0000469f     0x4531 ./Primitivas/PR_LCD.o
 .debug_macinfo
                0x00008bd0     0x3bdd ./Primitivas/PR_Teclado.o
 .debug_macinfo
                0x0000c7ad     0x3bda ./Primitivas/PR_UART1_RS232.o
 .debug_macinfo
                0x00010387     0x4599 ./Inicializacion_Kit/KitInic.o
 .debug_macinfo
                0x00014920     0x4662 ./Inicializacion_Kit/KitInic_Expansiones.o
 .debug_macinfo
                0x00018f82     0x44ec ./Inicializacion_Kit/UtilesInfo2.o
 .debug_macinfo
                0x0001d46e     0x22f0 ./Inicializacion_Kit/cr_startup_lpc176x.o
 .debug_macinfo
                0x0001f75e     0xa0dd ./Drivers/SD/SD-MMC Drivers/src/sd_mmc.o
 .debug_macinfo
                0x0002983b     0x9732 ./Drivers/SD/LPC1769_DRIVERS/src/lpc17xx_clkpwr.o
 .debug_macinfo
                0x00032f6d     0x87f1 ./Drivers/SD/LPC1769_DRIVERS/src/lpc17xx_gpio.o
 .debug_macinfo
                0x0003b75e     0x4022 ./Drivers/SD/LPC1769_DRIVERS/src/lpc17xx_libcfg_default.o
 .debug_macinfo
                0x0003f780     0x890f ./Drivers/SD/LPC1769_DRIVERS/src/lpc17xx_pinsel.o
 .debug_macinfo
                0x0004808f     0xa18c ./Drivers/SD/LPC1769_DRIVERS/src/lpc17xx_rtc.o
 .debug_macinfo
                0x0005221b     0xaa06 ./Drivers/SD/LPC1769_DRIVERS/src/lpc17xx_ssp.o
 .debug_macinfo
                0x0005cc21     0x9aad ./Drivers/SD/LPC1769_DRIVERS/src/lpc17xx_systick.o
 .debug_macinfo
                0x000666ce     0xa608 ./Drivers/SD/LPC1769_DRIVERS/src/lpc17xx_timer.o
 .debug_macinfo
                0x00070cd6     0x286e ./Drivers/SD/FatFs library/option/ccsbcs.o
 .debug_macinfo
                0x00073544     0xa977 ./Drivers/SD/FatFs library/hardware/diskio.o
 .debug_macinfo
                0x0007debb     0x341e ./Drivers/SD/FatFs library/ff.o
 .debug_macinfo
                0x000812d9     0x4510 ./Drivers/FW_DAC.o
 .debug_macinfo
                0x000857e9     0x4e40 ./Drivers/FW_DMA.o
 .debug_macinfo
                0x0008a629     0x4675 ./Drivers/FW_Display7Seg.o
 .debug_macinfo
                0x0008ec9e     0x4533 ./Drivers/FW_LCD.o
 .debug_macinfo
                0x000931d1     0x467f ./Drivers/FW_Teclado.o
 .debug_macinfo
                0x00097850     0x501e ./Drivers/FW_Timer1.o
 .debug_macinfo
                0x0009c86e     0x580c ./Drivers/FW_Timertick.o
 .debug_macinfo
                0x000a207a     0x3cc0 ./Drivers/FW_UART1_RS232.o
 .debug_macinfo
                0x000a5d3a     0x5ae7 ./Aplicacion/AppFunctions.o
 .debug_macinfo
                0x000ab821     0x4e77 ./Aplicacion/main.o

.debug_str      0x00000000     0x2850
 .debug_str     0x00000000      0x128 ./Primitivas/PR_Display7Seg.o
                                0x14b (size before relaxing)
 .debug_str     0x00000128       0xb6 ./Primitivas/PR_LCD.o
                                0x1af (size before relaxing)
 .debug_str     0x000001de       0x30 ./Primitivas/PR_Teclado.o
                                0x112 (size before relaxing)
 .debug_str     0x0000020e       0xc6 ./Primitivas/PR_UART1_RS232.o
                                0x1ad (size before relaxing)
 .debug_str     0x000002d4       0x41 ./Inicializacion_Kit/KitInic.o
                                0x124 (size before relaxing)
 .debug_str     0x00000315       0x4c ./Inicializacion_Kit/KitInic_Expansiones.o
                                0x12f (size before relaxing)
 .debug_str     0x00000361       0x5b ./Inicializacion_Kit/UtilesInfo2.o
                                0x14b (size before relaxing)
 .debug_str     0x000003bc      0x186 ./Inicializacion_Kit/cr_startup_lpc176x.o
                                0x233 (size before relaxing)
 .debug_str     0x00000542      0x42b ./Drivers/SD/SD-MMC Drivers/src/sd_mmc.o
                                0x591 (size before relaxing)
 .debug_str     0x0000096d      0x15d ./Drivers/SD/LPC1769_DRIVERS/src/lpc17xx_clkpwr.o
                                0x3f4 (size before relaxing)
 .debug_str     0x00000aca      0x43f ./Drivers/SD/LPC1769_DRIVERS/src/lpc17xx_gpio.o
                                0x5b9 (size before relaxing)
 .debug_str     0x00000f09       0x52 ./Drivers/SD/LPC1769_DRIVERS/src/lpc17xx_libcfg_default.o
                                0x17b (size before relaxing)
 .debug_str     0x00000f5b      0x21d ./Drivers/SD/LPC1769_DRIVERS/src/lpc17xx_pinsel.o
                                0x3cd (size before relaxing)
 .debug_str     0x00001178      0x3ea ./Drivers/SD/LPC1769_DRIVERS/src/lpc17xx_rtc.o
                                0x5e3 (size before relaxing)
 .debug_str     0x00001562      0x244 ./Drivers/SD/LPC1769_DRIVERS/src/lpc17xx_ssp.o
                                0x4b5 (size before relaxing)
 .debug_str     0x000017a6       0xcf ./Drivers/SD/LPC1769_DRIVERS/src/lpc17xx_systick.o
                                0x25a (size before relaxing)
 .debug_str     0x00001875      0x460 ./Drivers/SD/LPC1769_DRIVERS/src/lpc17xx_timer.o
                                0x5fb (size before relaxing)
 .debug_str     0x00001cd5       0x5d ./Drivers/SD/FatFs library/option/ccsbcs.o
                                0x154 (size before relaxing)
 .debug_str     0x00001d32       0x41 ./Drivers/SD/FatFs library/hardware/diskio.o
                                0x3e1 (size before relaxing)
 .debug_str     0x00001d73      0x49b ./Drivers/SD/FatFs library/ff.o
                                0x647 (size before relaxing)
 .debug_str     0x0000220e       0x1c ./Drivers/FW_DAC.o
                                 0xff (size before relaxing)
 .debug_str     0x0000222a       0x5d ./Drivers/FW_DMA.o
                                0x169 (size before relaxing)
 .debug_str     0x00002287       0x32 ./Drivers/FW_Display7Seg.o
                                0x125 (size before relaxing)
 .debug_str     0x000022b9       0x79 ./Drivers/FW_LCD.o
                                0x16b (size before relaxing)
 .debug_str     0x00002332       0x78 ./Drivers/FW_Teclado.o
                                0x169 (size before relaxing)
 .debug_str     0x000023aa       0x67 ./Drivers/FW_Timer1.o
                                0x243 (size before relaxing)
 .debug_str     0x00002411       0xbe ./Drivers/FW_Timertick.o
                                0x20f (size before relaxing)
 .debug_str     0x000024cf       0x37 ./Drivers/FW_UART1_RS232.o
                                0x13a (size before relaxing)
 .debug_str     0x00002506      0x335 ./Aplicacion/AppFunctions.o
                                0x728 (size before relaxing)
 .debug_str     0x0000283b       0x15 ./Aplicacion/main.o
                                0x11b (size before relaxing)

.comment        0x00000000       0xe0
 .comment       0x00000000       0x70 ./Primitivas/PR_Display7Seg.o
                                 0x71 (size before relaxing)
 .comment       0x00000000       0x71 ./Primitivas/PR_LCD.o
 .comment       0x00000000       0x71 ./Primitivas/PR_Teclado.o
 .comment       0x00000000       0x71 ./Primitivas/PR_UART1_RS232.o
 .comment       0x00000000       0x71 ./Inicializacion_Kit/KitInic.o
 .comment       0x00000000       0x71 ./Inicializacion_Kit/KitInic_Expansiones.o
 .comment       0x00000000       0x71 ./Inicializacion_Kit/UtilesInfo2.o
 .comment       0x00000000       0x71 ./Inicializacion_Kit/cr_startup_lpc176x.o
 .comment       0x00000000       0x71 ./Drivers/SD/SD-MMC Drivers/src/sd_mmc.o
 .comment       0x00000000       0x71 ./Drivers/SD/LPC1769_DRIVERS/src/lpc17xx_clkpwr.o
 .comment       0x00000000       0x71 ./Drivers/SD/LPC1769_DRIVERS/src/lpc17xx_gpio.o
 .comment       0x00000000       0x71 ./Drivers/SD/LPC1769_DRIVERS/src/lpc17xx_libcfg_default.o
 .comment       0x00000000       0x71 ./Drivers/SD/LPC1769_DRIVERS/src/lpc17xx_pinsel.o
 .comment       0x00000000       0x71 ./Drivers/SD/LPC1769_DRIVERS/src/lpc17xx_rtc.o
 .comment       0x00000000       0x71 ./Drivers/SD/LPC1769_DRIVERS/src/lpc17xx_ssp.o
 .comment       0x00000000       0x71 ./Drivers/SD/LPC1769_DRIVERS/src/lpc17xx_systick.o
 .comment       0x00000000       0x71 ./Drivers/SD/LPC1769_DRIVERS/src/lpc17xx_timer.o
 .comment       0x00000000       0x71 ./Drivers/SD/FatFs library/option/ccsbcs.o
 .comment       0x00000000       0x71 ./Drivers/SD/FatFs library/hardware/diskio.o
 .comment       0x00000000       0x71 ./Drivers/SD/FatFs library/ff.o
 .comment       0x00000000       0x71 ./Drivers/FW_DAC.o
 .comment       0x00000000       0x71 ./Drivers/FW_DMA.o
 .comment       0x00000000       0x71 ./Drivers/FW_Display7Seg.o
 .comment       0x00000000       0x71 ./Drivers/FW_LCD.o
 .comment       0x00000000       0x71 ./Drivers/FW_Teclado.o
 .comment       0x00000000       0x71 ./Drivers/FW_Timer1.o
 .comment       0x00000000       0x71 ./Drivers/FW_Timertick.o
 .comment       0x00000000       0x71 ./Drivers/FW_UART1_RS232.o
 .comment       0x00000000       0x71 ./Aplicacion/AppFunctions.o
 .comment       0x00000000       0x71 ./Aplicacion/main.o
 .comment       0x00000070       0x70 c:/nxp/lpcxpresso_6.1.4_194/lpcxpresso/tools/bin/../lib/gcc/arm-none-eabi/4.6.2/../../../../arm-none-eabi/lib/armv7-m\libcr_semihost.a(_cr__main.o)
                                 0x71 (size before relaxing)
 .comment       0x00000000       0x71 c:/nxp/lpcxpresso_6.1.4_194/lpcxpresso/tools/bin/../lib/gcc/arm-none-eabi/4.6.2/../../../../arm-none-eabi/lib/armv7-m\libcr_c.a(memset.o)
 .comment       0x00000000       0x71 c:/nxp/lpcxpresso_6.1.4_194/lpcxpresso/tools/bin/../lib/gcc/arm-none-eabi/4.6.2/../../../../arm-none-eabi/lib/armv7-m\libcr_c.a(alloc.o)
 .comment       0x00000000       0x71 c:/nxp/lpcxpresso_6.1.4_194/lpcxpresso/tools/bin/../lib/gcc/arm-none-eabi/4.6.2/../../../../arm-none-eabi/lib/armv7-m\libcr_c.a(fpprintf.o)
 .comment       0x00000000       0x71 c:/nxp/lpcxpresso_6.1.4_194/lpcxpresso/tools/bin/../lib/gcc/arm-none-eabi/4.6.2/../../../../arm-none-eabi/lib/armv7-m\libcr_c.a(initio.o)
 .comment       0x00000000       0x71 c:/nxp/lpcxpresso_6.1.4_194/lpcxpresso/tools/bin/../lib/gcc/arm-none-eabi/4.6.2/../../../../arm-none-eabi/lib/armv7-m\libcr_c.a(printf.o)
 .comment       0x00000000       0x71 c:/nxp/lpcxpresso_6.1.4_194/lpcxpresso/tools/bin/../lib/gcc/arm-none-eabi/4.6.2/../../../../arm-none-eabi/lib/armv7-m\libcr_c.a(scanf.o)
 .comment       0x00000000       0x71 c:/nxp/lpcxpresso_6.1.4_194/lpcxpresso/tools/bin/../lib/gcc/arm-none-eabi/4.6.2/../../../../arm-none-eabi/lib/armv7-m\libcr_c.a(setvbuf.o)
 .comment       0x00000000       0x71 c:/nxp/lpcxpresso_6.1.4_194/lpcxpresso/tools/bin/../lib/gcc/arm-none-eabi/4.6.2/../../../../arm-none-eabi/lib/armv7-m\libcr_c.a(stdio.o)
 .comment       0x00000000       0x71 c:/nxp/lpcxpresso_6.1.4_194/lpcxpresso/tools/bin/../lib/gcc/arm-none-eabi/4.6.2/../../../../arm-none-eabi/lib/armv7-m\libcr_c.a(strcat.o)
 .comment       0x00000000       0x71 c:/nxp/lpcxpresso_6.1.4_194/lpcxpresso/tools/bin/../lib/gcc/arm-none-eabi/4.6.2/../../../../arm-none-eabi/lib/armv7-m\libcr_c.a(strcmp.o)
 .comment       0x00000000       0x71 c:/nxp/lpcxpresso_6.1.4_194/lpcxpresso/tools/bin/../lib/gcc/arm-none-eabi/4.6.2/../../../../arm-none-eabi/lib/armv7-m\libcr_c.a(strcpy.o)
 .comment       0x00000000       0x71 c:/nxp/lpcxpresso_6.1.4_194/lpcxpresso/tools/bin/../lib/gcc/arm-none-eabi/4.6.2/../../../../arm-none-eabi/lib/armv7-m\libcr_c.a(strlen.o)
 .comment       0x00000000       0x71 c:/nxp/lpcxpresso_6.1.4_194/lpcxpresso/tools/bin/../lib/gcc/arm-none-eabi/4.6.2/../../../../arm-none-eabi/lib/armv7-m\libcr_c.a(strstr.o)
 .comment       0x00000000       0x71 c:/nxp/lpcxpresso_6.1.4_194/lpcxpresso/tools/bin/../lib/gcc/arm-none-eabi/4.6.2/../../../../arm-none-eabi/lib/armv7-m\libcr_c.a(ungetc.o)
 .comment       0x00000000       0x71 c:/nxp/lpcxpresso_6.1.4_194/lpcxpresso/tools/bin/../lib/gcc/arm-none-eabi/4.6.2/../../../../arm-none-eabi/lib/armv7-m\libcr_c.a(memcpy.o)
 .comment       0x00000000       0x71 c:/nxp/lpcxpresso_6.1.4_194/lpcxpresso/tools/bin/../lib/gcc/arm-none-eabi/4.6.2/../../../../arm-none-eabi/lib/armv7-m\libcr_c.a(__fillbuf.o)
 .comment       0x00000000       0x71 c:/nxp/lpcxpresso_6.1.4_194/lpcxpresso/tools/bin/../lib/gcc/arm-none-eabi/4.6.2/../../../../arm-none-eabi/lib/armv7-m\libcr_c.a(__init_alloc.o)
 .comment       0x00000000       0x71 c:/nxp/lpcxpresso_6.1.4_194/lpcxpresso/tools/bin/../lib/gcc/arm-none-eabi/4.6.2/../../../../arm-none-eabi/lib/armv7-m\libcr_c.a(_deferredlazyseek.o)
 .comment       0x00000000       0x71 c:/nxp/lpcxpresso_6.1.4_194/lpcxpresso/tools/bin/../lib/gcc/arm-none-eabi/4.6.2/../../../../arm-none-eabi/lib/armv7-m\libcr_c.a(_fdopen.o)
 .comment       0x00000000       0x71 c:/nxp/lpcxpresso_6.1.4_194/lpcxpresso/tools/bin/../lib/gcc/arm-none-eabi/4.6.2/../../../../arm-none-eabi/lib/armv7-m\libcr_c.a(_fflush.o)
 .comment       0x00000000       0x71 c:/nxp/lpcxpresso_6.1.4_194/lpcxpresso/tools/bin/../lib/gcc/arm-none-eabi/4.6.2/../../../../arm-none-eabi/lib/armv7-m\libcr_c.a(_frexpl.o)
 .comment       0x00000000       0x71 c:/nxp/lpcxpresso_6.1.4_194/lpcxpresso/tools/bin/../lib/gcc/arm-none-eabi/4.6.2/../../../../arm-none-eabi/lib/armv7-m\libcr_c.a(_hugeval.o)
 .comment       0x00000000       0x71 c:/nxp/lpcxpresso_6.1.4_194/lpcxpresso/tools/bin/../lib/gcc/arm-none-eabi/4.6.2/../../../../arm-none-eabi/lib/armv7-m\libcr_c.a(_ldexpl.o)
 .comment       0x00000000       0x71 c:/nxp/lpcxpresso_6.1.4_194/lpcxpresso/tools/bin/../lib/gcc/arm-none-eabi/4.6.2/../../../../arm-none-eabi/lib/armv7-m\libcr_c.a(_writebuf.o)
 .comment       0x00000000       0x71 c:/nxp/lpcxpresso_6.1.4_194/lpcxpresso/tools/bin/../lib/gcc/arm-none-eabi/4.6.2/../../../../arm-none-eabi/lib/armv7-m\libcr_c.a(ctype.o)
 .comment       0x00000000       0x71 c:/nxp/lpcxpresso_6.1.4_194/lpcxpresso/tools/bin/../lib/gcc/arm-none-eabi/4.6.2/../../../../arm-none-eabi/lib/armv7-m\libcr_c.a(errno.o)
 .comment       0x00000000       0x71 c:/nxp/lpcxpresso_6.1.4_194/lpcxpresso/tools/bin/../lib/gcc/arm-none-eabi/4.6.2/../../../../arm-none-eabi/lib/armv7-m\libcr_c.a(fclose.o)
 .comment       0x00000000       0x71 c:/nxp/lpcxpresso_6.1.4_194/lpcxpresso/tools/bin/../lib/gcc/arm-none-eabi/4.6.2/../../../../arm-none-eabi/lib/armv7-m\libcr_c.a(fflush.o)
 .comment       0x00000000       0x71 c:/nxp/lpcxpresso_6.1.4_194/lpcxpresso/tools/bin/../lib/gcc/arm-none-eabi/4.6.2/../../../../arm-none-eabi/lib/armv7-m\libcr_c.a(fseek.o)
 .comment       0x00000000       0x71 c:/nxp/lpcxpresso_6.1.4_194/lpcxpresso/tools/bin/../lib/gcc/arm-none-eabi/4.6.2/../../../../arm-none-eabi/lib/armv7-m\libcr_c.a(ftell.o)
 .comment       0x00000000       0x71 c:/nxp/lpcxpresso_6.1.4_194/lpcxpresso/tools/bin/../lib/gcc/arm-none-eabi/4.6.2/../../../../arm-none-eabi/lib/armv7-m\libcr_c.a(remove.o)
 .comment       0x00000000       0x71 c:/nxp/lpcxpresso_6.1.4_194/lpcxpresso/tools/bin/../lib/gcc/arm-none-eabi/4.6.2/../../../../arm-none-eabi/lib/armv7-m\libcr_c.a(_do_fflush.o)
 .comment       0x00000000       0x71 c:/nxp/lpcxpresso_6.1.4_194/lpcxpresso/tools/bin/../lib/gcc/arm-none-eabi/4.6.2/armv7-m\libcr_eabihelpers.a(double.o)
 .comment       0x00000000       0x71 c:/nxp/lpcxpresso_6.1.4_194/lpcxpresso/tools/bin/../lib/gcc/arm-none-eabi/4.6.2/armv7-m\libcr_eabihelpers.a(float.o)
 .comment       0x00000000       0x71 c:/nxp/lpcxpresso_6.1.4_194/lpcxpresso/tools/bin/../lib/gcc/arm-none-eabi/4.6.2/../../../../arm-none-eabi/lib/armv7-m\libcr_semihost.a(_cr_sbrk.o)
 .comment       0x00000000       0x71 c:/nxp/lpcxpresso_6.1.4_194/lpcxpresso/tools/bin/../lib/gcc/arm-none-eabi/4.6.2/../../../../arm-none-eabi/lib/armv7-m\libcr_semihost.a(_cr_check_heap.o)

.ARM.attributes
                0x00000000       0x31
 .ARM.attributes
                0x00000000       0x33 ./Primitivas/PR_Display7Seg.o
 .ARM.attributes
                0x00000033       0x33 ./Primitivas/PR_LCD.o
 .ARM.attributes
                0x00000066       0x33 ./Primitivas/PR_Teclado.o
 .ARM.attributes
                0x00000099       0x33 ./Primitivas/PR_UART1_RS232.o
 .ARM.attributes
                0x000000cc       0x33 ./Inicializacion_Kit/KitInic.o
 .ARM.attributes
                0x000000ff       0x33 ./Inicializacion_Kit/KitInic_Expansiones.o
 .ARM.attributes
                0x00000132       0x33 ./Inicializacion_Kit/UtilesInfo2.o
 .ARM.attributes
                0x00000165       0x33 ./Inicializacion_Kit/cr_startup_lpc176x.o
 .ARM.attributes
                0x00000198       0x33 ./Drivers/SD/SD-MMC Drivers/src/sd_mmc.o
 .ARM.attributes
                0x000001cb       0x33 ./Drivers/SD/LPC1769_DRIVERS/src/lpc17xx_clkpwr.o
 .ARM.attributes
                0x000001fe       0x33 ./Drivers/SD/LPC1769_DRIVERS/src/lpc17xx_gpio.o
 .ARM.attributes
                0x00000231       0x33 ./Drivers/SD/LPC1769_DRIVERS/src/lpc17xx_libcfg_default.o
 .ARM.attributes
                0x00000264       0x33 ./Drivers/SD/LPC1769_DRIVERS/src/lpc17xx_pinsel.o
 .ARM.attributes
                0x00000297       0x33 ./Drivers/SD/LPC1769_DRIVERS/src/lpc17xx_rtc.o
 .ARM.attributes
                0x000002ca       0x33 ./Drivers/SD/LPC1769_DRIVERS/src/lpc17xx_ssp.o
 .ARM.attributes
                0x000002fd       0x33 ./Drivers/SD/LPC1769_DRIVERS/src/lpc17xx_systick.o
 .ARM.attributes
                0x00000330       0x33 ./Drivers/SD/LPC1769_DRIVERS/src/lpc17xx_timer.o
 .ARM.attributes
                0x00000363       0x33 ./Drivers/SD/FatFs library/option/ccsbcs.o
 .ARM.attributes
                0x00000396       0x33 ./Drivers/SD/FatFs library/hardware/diskio.o
 .ARM.attributes
                0x000003c9       0x33 ./Drivers/SD/FatFs library/ff.o
 .ARM.attributes
                0x000003fc       0x33 ./Drivers/FW_DAC.o
 .ARM.attributes
                0x0000042f       0x33 ./Drivers/FW_DMA.o
 .ARM.attributes
                0x00000462       0x33 ./Drivers/FW_Display7Seg.o
 .ARM.attributes
                0x00000495       0x33 ./Drivers/FW_LCD.o
 .ARM.attributes
                0x000004c8       0x33 ./Drivers/FW_Teclado.o
 .ARM.attributes
                0x000004fb       0x33 ./Drivers/FW_Timer1.o
 .ARM.attributes
                0x0000052e       0x33 ./Drivers/FW_Timertick.o
 .ARM.attributes
                0x00000561       0x33 ./Drivers/FW_UART1_RS232.o
 .ARM.attributes
                0x00000594       0x33 ./Aplicacion/AppFunctions.o
 .ARM.attributes
                0x000005c7       0x33 ./Aplicacion/main.o
 .ARM.attributes
                0x000005fa       0x33 c:/nxp/lpcxpresso_6.1.4_194/lpcxpresso/tools/bin/../lib/gcc/arm-none-eabi/4.6.2/../../../../arm-none-eabi/lib/armv7-m\libcr_semihost.a(_cr__main.o)
 .ARM.attributes
                0x0000062d       0x33 c:/nxp/lpcxpresso_6.1.4_194/lpcxpresso/tools/bin/../lib/gcc/arm-none-eabi/4.6.2/../../../../arm-none-eabi/lib/armv7-m\libcr_c.a(memset.o)
 .ARM.attributes
                0x00000660       0x33 c:/nxp/lpcxpresso_6.1.4_194/lpcxpresso/tools/bin/../lib/gcc/arm-none-eabi/4.6.2/../../../../arm-none-eabi/lib/armv7-m\libcr_c.a(alloc.o)
 .ARM.attributes
                0x00000693       0x33 c:/nxp/lpcxpresso_6.1.4_194/lpcxpresso/tools/bin/../lib/gcc/arm-none-eabi/4.6.2/../../../../arm-none-eabi/lib/armv7-m\libcr_c.a(fpprintf.o)
 .ARM.attributes
                0x000006c6       0x33 c:/nxp/lpcxpresso_6.1.4_194/lpcxpresso/tools/bin/../lib/gcc/arm-none-eabi/4.6.2/../../../../arm-none-eabi/lib/armv7-m\libcr_c.a(initio.o)
 .ARM.attributes
                0x000006f9       0x33 c:/nxp/lpcxpresso_6.1.4_194/lpcxpresso/tools/bin/../lib/gcc/arm-none-eabi/4.6.2/../../../../arm-none-eabi/lib/armv7-m\libcr_c.a(printf.o)
 .ARM.attributes
                0x0000072c       0x33 c:/nxp/lpcxpresso_6.1.4_194/lpcxpresso/tools/bin/../lib/gcc/arm-none-eabi/4.6.2/../../../../arm-none-eabi/lib/armv7-m\libcr_c.a(scanf.o)
 .ARM.attributes
                0x0000075f       0x33 c:/nxp/lpcxpresso_6.1.4_194/lpcxpresso/tools/bin/../lib/gcc/arm-none-eabi/4.6.2/../../../../arm-none-eabi/lib/armv7-m\libcr_c.a(setvbuf.o)
 .ARM.attributes
                0x00000792       0x33 c:/nxp/lpcxpresso_6.1.4_194/lpcxpresso/tools/bin/../lib/gcc/arm-none-eabi/4.6.2/../../../../arm-none-eabi/lib/armv7-m\libcr_c.a(stdio.o)
 .ARM.attributes
                0x000007c5       0x33 c:/nxp/lpcxpresso_6.1.4_194/lpcxpresso/tools/bin/../lib/gcc/arm-none-eabi/4.6.2/../../../../arm-none-eabi/lib/armv7-m\libcr_c.a(strcat.o)
 .ARM.attributes
                0x000007f8       0x33 c:/nxp/lpcxpresso_6.1.4_194/lpcxpresso/tools/bin/../lib/gcc/arm-none-eabi/4.6.2/../../../../arm-none-eabi/lib/armv7-m\libcr_c.a(strcmp.o)
 .ARM.attributes
                0x0000082b       0x33 c:/nxp/lpcxpresso_6.1.4_194/lpcxpresso/tools/bin/../lib/gcc/arm-none-eabi/4.6.2/../../../../arm-none-eabi/lib/armv7-m\libcr_c.a(strcpy.o)
 .ARM.attributes
                0x0000085e       0x33 c:/nxp/lpcxpresso_6.1.4_194/lpcxpresso/tools/bin/../lib/gcc/arm-none-eabi/4.6.2/../../../../arm-none-eabi/lib/armv7-m\libcr_c.a(strlen.o)
 .ARM.attributes
                0x00000891       0x33 c:/nxp/lpcxpresso_6.1.4_194/lpcxpresso/tools/bin/../lib/gcc/arm-none-eabi/4.6.2/../../../../arm-none-eabi/lib/armv7-m\libcr_c.a(strstr.o)
 .ARM.attributes
                0x000008c4       0x33 c:/nxp/lpcxpresso_6.1.4_194/lpcxpresso/tools/bin/../lib/gcc/arm-none-eabi/4.6.2/../../../../arm-none-eabi/lib/armv7-m\libcr_c.a(ungetc.o)
 .ARM.attributes
                0x000008f7       0x33 c:/nxp/lpcxpresso_6.1.4_194/lpcxpresso/tools/bin/../lib/gcc/arm-none-eabi/4.6.2/../../../../arm-none-eabi/lib/armv7-m\libcr_c.a(memcpy.o)
 .ARM.attributes
                0x0000092a       0x33 c:/nxp/lpcxpresso_6.1.4_194/lpcxpresso/tools/bin/../lib/gcc/arm-none-eabi/4.6.2/../../../../arm-none-eabi/lib/armv7-m\libcr_c.a(__fillbuf.o)
 .ARM.attributes
                0x0000095d       0x33 c:/nxp/lpcxpresso_6.1.4_194/lpcxpresso/tools/bin/../lib/gcc/arm-none-eabi/4.6.2/../../../../arm-none-eabi/lib/armv7-m\libcr_c.a(__init_alloc.o)
 .ARM.attributes
                0x00000990       0x33 c:/nxp/lpcxpresso_6.1.4_194/lpcxpresso/tools/bin/../lib/gcc/arm-none-eabi/4.6.2/../../../../arm-none-eabi/lib/armv7-m\libcr_c.a(_deferredlazyseek.o)
 .ARM.attributes
                0x000009c3       0x33 c:/nxp/lpcxpresso_6.1.4_194/lpcxpresso/tools/bin/../lib/gcc/arm-none-eabi/4.6.2/../../../../arm-none-eabi/lib/armv7-m\libcr_c.a(_fdopen.o)
 .ARM.attributes
                0x000009f6       0x33 c:/nxp/lpcxpresso_6.1.4_194/lpcxpresso/tools/bin/../lib/gcc/arm-none-eabi/4.6.2/../../../../arm-none-eabi/lib/armv7-m\libcr_c.a(_fflush.o)
 .ARM.attributes
                0x00000a29       0x33 c:/nxp/lpcxpresso_6.1.4_194/lpcxpresso/tools/bin/../lib/gcc/arm-none-eabi/4.6.2/../../../../arm-none-eabi/lib/armv7-m\libcr_c.a(_frexpl.o)
 .ARM.attributes
                0x00000a5c       0x33 c:/nxp/lpcxpresso_6.1.4_194/lpcxpresso/tools/bin/../lib/gcc/arm-none-eabi/4.6.2/../../../../arm-none-eabi/lib/armv7-m\libcr_c.a(_hugeval.o)
 .ARM.attributes
                0x00000a8f       0x33 c:/nxp/lpcxpresso_6.1.4_194/lpcxpresso/tools/bin/../lib/gcc/arm-none-eabi/4.6.2/../../../../arm-none-eabi/lib/armv7-m\libcr_c.a(_ldexpl.o)
 .ARM.attributes
                0x00000ac2       0x33 c:/nxp/lpcxpresso_6.1.4_194/lpcxpresso/tools/bin/../lib/gcc/arm-none-eabi/4.6.2/../../../../arm-none-eabi/lib/armv7-m\libcr_c.a(_writebuf.o)
 .ARM.attributes
                0x00000af5       0x33 c:/nxp/lpcxpresso_6.1.4_194/lpcxpresso/tools/bin/../lib/gcc/arm-none-eabi/4.6.2/../../../../arm-none-eabi/lib/armv7-m\libcr_c.a(ctype.o)
 .ARM.attributes
                0x00000b28       0x33 c:/nxp/lpcxpresso_6.1.4_194/lpcxpresso/tools/bin/../lib/gcc/arm-none-eabi/4.6.2/../../../../arm-none-eabi/lib/armv7-m\libcr_c.a(errno.o)
 .ARM.attributes
                0x00000b5b       0x33 c:/nxp/lpcxpresso_6.1.4_194/lpcxpresso/tools/bin/../lib/gcc/arm-none-eabi/4.6.2/../../../../arm-none-eabi/lib/armv7-m\libcr_c.a(fclose.o)
 .ARM.attributes
                0x00000b8e       0x33 c:/nxp/lpcxpresso_6.1.4_194/lpcxpresso/tools/bin/../lib/gcc/arm-none-eabi/4.6.2/../../../../arm-none-eabi/lib/armv7-m\libcr_c.a(fflush.o)
 .ARM.attributes
                0x00000bc1       0x33 c:/nxp/lpcxpresso_6.1.4_194/lpcxpresso/tools/bin/../lib/gcc/arm-none-eabi/4.6.2/../../../../arm-none-eabi/lib/armv7-m\libcr_c.a(fseek.o)
 .ARM.attributes
                0x00000bf4       0x33 c:/nxp/lpcxpresso_6.1.4_194/lpcxpresso/tools/bin/../lib/gcc/arm-none-eabi/4.6.2/../../../../arm-none-eabi/lib/armv7-m\libcr_c.a(ftell.o)
 .ARM.attributes
                0x00000c27       0x33 c:/nxp/lpcxpresso_6.1.4_194/lpcxpresso/tools/bin/../lib/gcc/arm-none-eabi/4.6.2/../../../../arm-none-eabi/lib/armv7-m\libcr_c.a(remove.o)
 .ARM.attributes
                0x00000c5a       0x33 c:/nxp/lpcxpresso_6.1.4_194/lpcxpresso/tools/bin/../lib/gcc/arm-none-eabi/4.6.2/../../../../arm-none-eabi/lib/armv7-m\libcr_c.a(_do_fflush.o)
 .ARM.attributes
                0x00000c8d       0x21 c:/nxp/lpcxpresso_6.1.4_194/lpcxpresso/tools/bin/../lib/gcc/arm-none-eabi/4.6.2/armv7-m\libcr_eabihelpers.a(division.o)
 .ARM.attributes
                0x00000cae       0x33 c:/nxp/lpcxpresso_6.1.4_194/lpcxpresso/tools/bin/../lib/gcc/arm-none-eabi/4.6.2/armv7-m\libcr_eabihelpers.a(double.o)
 .ARM.attributes
                0x00000ce1       0x33 c:/nxp/lpcxpresso_6.1.4_194/lpcxpresso/tools/bin/../lib/gcc/arm-none-eabi/4.6.2/armv7-m\libcr_eabihelpers.a(float.o)
 .ARM.attributes
                0x00000d14       0x21 c:/nxp/lpcxpresso_6.1.4_194/lpcxpresso/tools/bin/../lib/gcc/arm-none-eabi/4.6.2/armv7-m\libcr_eabihelpers.a(memcpy.o)
 .ARM.attributes
                0x00000d35       0x21 c:/nxp/lpcxpresso_6.1.4_194/lpcxpresso/tools/bin/../lib/gcc/arm-none-eabi/4.6.2/../../../../arm-none-eabi/lib/armv7-m\libcr_semihost.a(__sys_appexit.o)
 .ARM.attributes
                0x00000d56       0x21 c:/nxp/lpcxpresso_6.1.4_194/lpcxpresso/tools/bin/../lib/gcc/arm-none-eabi/4.6.2/../../../../arm-none-eabi/lib/armv7-m\libcr_semihost.a(__sys_close.o)
 .ARM.attributes
                0x00000d77       0x21 c:/nxp/lpcxpresso_6.1.4_194/lpcxpresso/tools/bin/../lib/gcc/arm-none-eabi/4.6.2/../../../../arm-none-eabi/lib/armv7-m\libcr_semihost.a(__sys_flen.o)
 .ARM.attributes
                0x00000d98       0x21 c:/nxp/lpcxpresso_6.1.4_194/lpcxpresso/tools/bin/../lib/gcc/arm-none-eabi/4.6.2/../../../../arm-none-eabi/lib/armv7-m\libcr_semihost.a(__sys_istty.o)
 .ARM.attributes
                0x00000db9       0x21 c:/nxp/lpcxpresso_6.1.4_194/lpcxpresso/tools/bin/../lib/gcc/arm-none-eabi/4.6.2/../../../../arm-none-eabi/lib/armv7-m\libcr_semihost.a(__sys_read.o)
 .ARM.attributes
                0x00000dda       0x21 c:/nxp/lpcxpresso_6.1.4_194/lpcxpresso/tools/bin/../lib/gcc/arm-none-eabi/4.6.2/../../../../arm-none-eabi/lib/armv7-m\libcr_semihost.a(__sys_readc.o)
 .ARM.attributes
                0x00000dfb       0x21 c:/nxp/lpcxpresso_6.1.4_194/lpcxpresso/tools/bin/../lib/gcc/arm-none-eabi/4.6.2/../../../../arm-none-eabi/lib/armv7-m\libcr_semihost.a(__sys_remove.o)
 .ARM.attributes
                0x00000e1c       0x21 c:/nxp/lpcxpresso_6.1.4_194/lpcxpresso/tools/bin/../lib/gcc/arm-none-eabi/4.6.2/../../../../arm-none-eabi/lib/armv7-m\libcr_semihost.a(__sys_rename.o)
 .ARM.attributes
                0x00000e3d       0x21 c:/nxp/lpcxpresso_6.1.4_194/lpcxpresso/tools/bin/../lib/gcc/arm-none-eabi/4.6.2/../../../../arm-none-eabi/lib/armv7-m\libcr_semihost.a(__sys_seek.o)
 .ARM.attributes
                0x00000e5e       0x21 c:/nxp/lpcxpresso_6.1.4_194/lpcxpresso/tools/bin/../lib/gcc/arm-none-eabi/4.6.2/../../../../arm-none-eabi/lib/armv7-m\libcr_semihost.a(__sys_tmpnam.o)
 .ARM.attributes
                0x00000e7f       0x21 c:/nxp/lpcxpresso_6.1.4_194/lpcxpresso/tools/bin/../lib/gcc/arm-none-eabi/4.6.2/../../../../arm-none-eabi/lib/armv7-m\libcr_semihost.a(__sys_write.o)
 .ARM.attributes
                0x00000ea0       0x33 c:/nxp/lpcxpresso_6.1.4_194/lpcxpresso/tools/bin/../lib/gcc/arm-none-eabi/4.6.2/../../../../arm-none-eabi/lib/armv7-m\libcr_semihost.a(_cr_sbrk.o)
 .ARM.attributes
                0x00000ed3       0x33 c:/nxp/lpcxpresso_6.1.4_194/lpcxpresso/tools/bin/../lib/gcc/arm-none-eabi/4.6.2/../../../../arm-none-eabi/lib/armv7-m\libcr_semihost.a(_cr_check_heap.o)

.debug_frame    0x00000000     0x2118
 .debug_frame   0x00000000       0x68 ./Primitivas/PR_Display7Seg.o
 .debug_frame   0x00000068       0xa4 ./Primitivas/PR_LCD.o
 .debug_frame   0x0000010c       0x2c ./Primitivas/PR_Teclado.o
 .debug_frame   0x00000138       0xa4 ./Primitivas/PR_UART1_RS232.o
 .debug_frame   0x000001dc       0x60 ./Inicializacion_Kit/KitInic.o
 .debug_frame   0x0000023c       0x64 ./Inicializacion_Kit/KitInic_Expansiones.o
 .debug_frame   0x000002a0       0x80 ./Inicializacion_Kit/UtilesInfo2.o
 .debug_frame   0x00000320      0x158 ./Inicializacion_Kit/cr_startup_lpc176x.o
 .debug_frame   0x00000478      0x254 ./Drivers/SD/SD-MMC Drivers/src/sd_mmc.o
 .debug_frame   0x000006cc       0xe4 ./Drivers/SD/LPC1769_DRIVERS/src/lpc17xx_clkpwr.o
 .debug_frame   0x000007b0      0x378 ./Drivers/SD/LPC1769_DRIVERS/src/lpc17xx_gpio.o
 .debug_frame   0x00000b28       0x2c ./Drivers/SD/LPC1769_DRIVERS/src/lpc17xx_libcfg_default.o
 .debug_frame   0x00000b54       0xbc ./Drivers/SD/LPC1769_DRIVERS/src/lpc17xx_pinsel.o
 .debug_frame   0x00000c10      0x28c ./Drivers/SD/LPC1769_DRIVERS/src/lpc17xx_rtc.o
 .debug_frame   0x00000e9c      0x280 ./Drivers/SD/LPC1769_DRIVERS/src/lpc17xx_ssp.o
 .debug_frame   0x0000111c       0xc0 ./Drivers/SD/LPC1769_DRIVERS/src/lpc17xx_systick.o
 .debug_frame   0x000011dc      0x208 ./Drivers/SD/LPC1769_DRIVERS/src/lpc17xx_timer.o
 .debug_frame   0x000013e4       0x48 ./Drivers/SD/FatFs library/option/ccsbcs.o
 .debug_frame   0x0000142c       0xd0 ./Drivers/SD/FatFs library/hardware/diskio.o
 .debug_frame   0x000014fc      0x614 ./Drivers/SD/FatFs library/ff.o
 .debug_frame   0x00001b10       0x28 ./Drivers/FW_DAC.o
 .debug_frame   0x00001b38       0x74 ./Drivers/FW_DMA.o
 .debug_frame   0x00001bac       0x30 ./Drivers/FW_Display7Seg.o
 .debug_frame   0x00001bdc       0x88 ./Drivers/FW_LCD.o
 .debug_frame   0x00001c64       0x6c ./Drivers/FW_Teclado.o
 .debug_frame   0x00001cd0       0x78 ./Drivers/FW_Timer1.o
 .debug_frame   0x00001d48       0x48 ./Drivers/FW_Timertick.o
 .debug_frame   0x00001d90       0x4c ./Drivers/FW_UART1_RS232.o
 .debug_frame   0x00001ddc      0x30c ./Aplicacion/AppFunctions.o
 .debug_frame   0x000020e8       0x30 ./Aplicacion/main.o